
Allocating common symbols
Common symbol       size              file

kbd_buf             0x6c              build/keyboard.o
thread_ready_list   0x10              build/thread.o
thread_all_list     0x10              build/thread.o
user_pool           0x10              build/memory.o
intr_name           0xc0              build/interrupt.o
main_thread         0x4               build/thread.o
ticks               0x4               build/timer.o
kernel_vaddr        0xc               build/memory.o
idt_table           0xc0              build/interrupt.o
kernel_pool         0x10              build/memory.o

Discarded input sections

 .note.GNU-stack
                0x0000000000000000        0x0 build/main.o
 .note.GNU-stack
                0x0000000000000000        0x0 build/init.o
 .note.GNU-stack
                0x0000000000000000        0x0 build/interrupt.o
 .note.GNU-stack
                0x0000000000000000        0x0 build/timer.o
 .note.GNU-stack
                0x0000000000000000        0x0 build/debug.o
 .note.GNU-stack
                0x0000000000000000        0x0 build/memory.o
 .note.GNU-stack
                0x0000000000000000        0x0 build/bitmap.o
 .note.GNU-stack
                0x0000000000000000        0x0 build/string.o
 .note.GNU-stack
                0x0000000000000000        0x0 build/thread.o
 .note.GNU-stack
                0x0000000000000000        0x0 build/list.o
 .note.GNU-stack
                0x0000000000000000        0x0 build/sync.o
 .note.GNU-stack
                0x0000000000000000        0x0 build/console.o
 .note.GNU-stack
                0x0000000000000000        0x0 build/keyboard.o
 .note.GNU-stack
                0x0000000000000000        0x0 build/ioqueue.o

Memory Configuration

Name             Origin             Length             Attributes
*default*        0x0000000000000000 0xffffffffffffffff

Linker script and memory map

Address of section .text set to 0xc0001500
LOAD build/main.o
LOAD build/init.o
LOAD build/interrupt.o
LOAD build/timer.o
LOAD build/kernel.o
LOAD build/print.o
LOAD build/debug.o
LOAD build/memory.o
LOAD build/bitmap.o
LOAD build/string.o
LOAD build/thread.o
LOAD build/list.o
LOAD build/switch.o
LOAD build/sync.o
LOAD build/console.o
LOAD build/keyboard.o
LOAD build/ioqueue.o
                [!provide]                        PROVIDE (__executable_start, 0x8048000)
                0x0000000008048094                . = (0x8048000 + SIZEOF_HEADERS)

.interp
 *(.interp)

.note.gnu.build-id
 *(.note.gnu.build-id)

.hash
 *(.hash)

.gnu.hash
 *(.gnu.hash)

.dynsym
 *(.dynsym)

.dynstr
 *(.dynstr)

.gnu.version
 *(.gnu.version)

.gnu.version_d
 *(.gnu.version_d)

.gnu.version_r
 *(.gnu.version_r)

.rel.dyn        0x0000000008048094        0x0
 *(.rel.init)
 *(.rel.text .rel.text.* .rel.gnu.linkonce.t.*)
 .rel.text      0x0000000008048094        0x0 build/main.o
 *(.rel.fini)
 *(.rel.rodata .rel.rodata.* .rel.gnu.linkonce.r.*)
 *(.rel.data.rel.ro .rel.data.rel.ro.* .rel.gnu.linkonce.d.rel.ro.*)
 *(.rel.data .rel.data.* .rel.gnu.linkonce.d.*)
 *(.rel.tdata .rel.tdata.* .rel.gnu.linkonce.td.*)
 *(.rel.tbss .rel.tbss.* .rel.gnu.linkonce.tb.*)
 *(.rel.ctors)
 *(.rel.dtors)
 *(.rel.got)
 *(.rel.bss .rel.bss.* .rel.gnu.linkonce.b.*)
 *(.rel.ifunc)

.rel.plt        0x0000000008048094        0x0
 *(.rel.plt)
                [!provide]                        PROVIDE (__rel_iplt_start, .)
 *(.rel.iplt)
                [!provide]                        PROVIDE (__rel_iplt_end, .)

.init
 *(SORT(.init))

.plt
 *(.plt)
 *(.iplt)

.plt.got
 *(.plt.got)

.text           0x00000000c0001500     0x2b65
 *(.text.unlikely .text.*_unlikely .text.unlikely.*)
 *(.text.exit .text.exit.*)
 *(.text.startup .text.startup.*)
 *(.text.hot .text.hot.*)
 *(.text .stub .text.* .gnu.linkonce.t.*)
 .text          0x00000000c0001500       0xf1 build/main.o
                0x00000000c0001500                main
                0x00000000c0001569                k_thread_a
                0x00000000c00015ad                k_thread_b
 .text          0x00000000c00015f1       0x32 build/init.o
                0x00000000c00015f1                init_all
 .text          0x00000000c0001623      0x464 build/interrupt.o
                0x00000000c0001975                intr_enable
                0x00000000c000199e                intr_disable
                0x00000000c00019c7                intr_set_status
                0x00000000c00019e5                intr_get_status
                0x00000000c0001a09                register_handler
                0x00000000c0001a25                idt_init
 .text          0x00000000c0001a87      0x190 build/timer.o
                0x00000000c0001bb7                timer_init
 *fill*         0x00000000c0001c17        0x9 
 .text          0x00000000c0001c20      0x537 build/kernel.o
                0x00000000c0001c20                intr_exit
 *fill*         0x00000000c0002157        0x9 
 .text          0x00000000c0002160      0x172 build/print.o
                0x00000000c0002160                put_str
                0x00000000c000217e                put_char
                0x00000000c000224b                put_int
                0x00000000c00022ae                set_cursor
 .text          0x00000000c00022d2       0xa5 build/debug.o
                0x00000000c00022d2                panic_spin
 .text          0x00000000c0002377      0x558 build/memory.o
                0x00000000c0002401                pte_ptr
                0x00000000c0002431                pde_ptr
                0x00000000c00025e2                malloc_page
                0x00000000c00026ac                get_kernel_pages
                0x00000000c000289a                mem_init
 .text          0x00000000c00028cf      0x266 build/bitmap.o
                0x00000000c00028cf                bitmap_init
                0x00000000c00028f6                bitmap_scan_test
                0x00000000c0002936                bitmap_scan
                0x00000000c0002a7a                bitmap_set
 .text          0x00000000c0002b35      0x449 build/string.o
                0x00000000c0002b35                memset
                0x00000000c0002b91                memcpy
                0x00000000c0002bfd                memcmp
                0x00000000c0002c8d                strcpy
                0x00000000c0002cef                strlen
                0x00000000c0002d45                strcmp
                0x00000000c0002dcc                strchr
                0x00000000c0002e31                strrchr
                0x00000000c0002e9a                strcat
                0x00000000c0002f11                strchrs
 .text          0x00000000c0002f7e      0x590 build/thread.o
                0x00000000c0002f7e                running_thread
                0x00000000c0002fab                thread_create
                0x00000000c0003021                init_thread
                0x00000000c00030bc                thread_start
                0x00000000c0003237                schedule
                0x00000000c000335f                thread_block
                0x00000000c00033c6                thread_unblock
                0x00000000c00034d1                thread_init
 .text          0x00000000c000350e      0x1e3 build/list.o
                0x00000000c000350e                list_init
                0x00000000c000353b                list_insert_before
                0x00000000c000357c                list_push
                0x00000000c0003599                list_append
                0x00000000c00035b6                list_remove
                0x00000000c00035ec                list_pop
                0x00000000c000360b                elem_find
                0x00000000c0003646                list_traversal
                0x00000000c00036a3                list_len
                0x00000000c00036d8                list_empty
 *fill*         0x00000000c00036f1        0xf 
 .text          0x00000000c0003700       0x15 build/switch.o
                0x00000000c0003700                switch_to
 .text          0x00000000c0003715      0x318 build/sync.o
                0x00000000c0003715                sema_init
                0x00000000c000373a                lock_init
                0x00000000c000376b                sema_down
                0x00000000c000387f                sema_up
                0x00000000c0003935                lock_acquire
                0x00000000c00039b1                lock_release
 .text          0x00000000c0003a2d       0x9a build/console.o
                0x00000000c0003a2d                console_init
                0x00000000c0003a41                console_acquire
                0x00000000c0003a55                console_release
                0x00000000c0003a69                console_put_str
                0x00000000c0003a86                console_put_char
                0x00000000c0003aaa                console_put_int
 .text          0x00000000c0003ac7      0x2aa build/keyboard.o
                0x00000000c0003d31                keyboard_init
 .text          0x00000000c0003d71      0x2f4 build/ioqueue.o
                0x00000000c0003d71                ioqueue_init
                0x00000000c0003dcc                ioq_full
                0x00000000c0003e22                ioq_empty
                0x00000000c0003f09                ioq_getchar
                0x00000000c0003fb6                ioq_putchar
 *(.gnu.warning)

.fini
 *(SORT(.fini))
                [!provide]                        PROVIDE (__etext, .)
                [!provide]                        PROVIDE (_etext, .)
                [!provide]                        PROVIDE (etext, .)

.rodata         0x00000000c0004068      0xab5
 *(.rodata .rodata.* .gnu.linkonce.r.*)
 .rodata        0x00000000c0004068       0x29 build/main.o
 .rodata        0x00000000c0004091        0xa build/init.o
 *fill*         0x00000000c000409b        0x1 
 .rodata        0x00000000c000409c      0x2dc build/interrupt.o
 .rodata        0x00000000c0004378       0x6b build/timer.o
 .rodata        0x00000000c00043e3       0x3f build/debug.o
 *fill*         0x00000000c0004422        0x2 
 .rodata        0x00000000c0004424      0x12d build/memory.o
 *fill*         0x00000000c0004551        0x3 
 .rodata        0x00000000c0004554       0x68 build/bitmap.o
 .rodata        0x00000000c00045bc       0xb9 build/string.o
 *fill*         0x00000000c0004675        0x3 
 .rodata        0x00000000c0004678      0x2be build/thread.o
 *fill*         0x00000000c0004936        0x2 
 .rodata        0x00000000c0004938      0x112 build/sync.o
 .rodata        0x00000000c0004a4a       0x36 build/keyboard.o
 .rodata        0x00000000c0004a80       0x9d build/ioqueue.o

.rodata1
 *(.rodata1)

.eh_frame_hdr
 *(.eh_frame_hdr)
 *(.eh_frame_entry .eh_frame_entry.*)

.eh_frame       0x00000000c0004b20      0xb14
 *(.eh_frame)
 .eh_frame      0x00000000c0004b20       0x6c build/main.o
 .eh_frame      0x00000000c0004b8c       0x20 build/init.o
                                         0x38 (size before relaxing)
 .eh_frame      0x00000000c0004bac      0x188 build/interrupt.o
                                        0x1a0 (size before relaxing)
 .eh_frame      0x00000000c0004d34       0x8c build/timer.o
                                         0xa4 (size before relaxing)
 .eh_frame      0x00000000c0004dc0       0x1c build/debug.o
                                         0x34 (size before relaxing)
 .eh_frame      0x00000000c0004ddc      0x120 build/memory.o
                                        0x138 (size before relaxing)
 .eh_frame      0x00000000c0004efc       0x8c build/bitmap.o
                                         0xa4 (size before relaxing)
 .eh_frame      0x00000000c0004f88      0x140 build/string.o
                                        0x158 (size before relaxing)
 .eh_frame      0x00000000c00050c8      0x140 build/thread.o
                                        0x158 (size before relaxing)
 .eh_frame      0x00000000c0005208      0x140 build/list.o
                                        0x158 (size before relaxing)
 .eh_frame      0x00000000c0005348       0xc8 build/sync.o
                                         0xe0 (size before relaxing)
 .eh_frame      0x00000000c0005410       0xc0 build/console.o
                                         0xd8 (size before relaxing)
 .eh_frame      0x00000000c00054d0       0x60 build/keyboard.o
                                         0x78 (size before relaxing)
 .eh_frame      0x00000000c0005530      0x104 build/ioqueue.o
                                        0x11c (size before relaxing)
 *(.eh_frame.*)

.gcc_except_table
 *(.gcc_except_table .gcc_except_table.*)

.gnu_extab
 *(.gnu_extab*)

.exception_ranges
 *(.exception_ranges .exception_ranges*)
                0x00000000c0007000                . = DATA_SEGMENT_ALIGN (0x1000, 0x1000)

.eh_frame
 *(.eh_frame)
 *(.eh_frame.*)

.gnu_extab
 *(.gnu_extab)

.gcc_except_table
 *(.gcc_except_table .gcc_except_table.*)

.exception_ranges
 *(.exception_ranges .exception_ranges*)

.tdata
 *(.tdata .tdata.* .gnu.linkonce.td.*)

.tbss
 *(.tbss .tbss.* .gnu.linkonce.tb.*)
 *(.tcommon)

.preinit_array  0x00000000c0007000        0x0
                [!provide]                        PROVIDE (__preinit_array_start, .)
 *(.preinit_array)
                [!provide]                        PROVIDE (__preinit_array_end, .)

.init_array     0x00000000c0007000        0x0
                [!provide]                        PROVIDE (__init_array_start, .)
 *(SORT(.init_array.*) SORT(.ctors.*))
 *(.init_array EXCLUDE_FILE(*crtend?.o *crtend.o *crtbegin?.o *crtbegin.o) .ctors)
                [!provide]                        PROVIDE (__init_array_end, .)

.fini_array     0x00000000c0007000        0x0
                [!provide]                        PROVIDE (__fini_array_start, .)
 *(SORT(.fini_array.*) SORT(.dtors.*))
 *(.fini_array EXCLUDE_FILE(*crtend?.o *crtend.o *crtbegin?.o *crtbegin.o) .dtors)
                [!provide]                        PROVIDE (__fini_array_end, .)

.ctors
 *crtbegin.o(.ctors)
 *crtbegin?.o(.ctors)
 *(EXCLUDE_FILE(*crtend?.o *crtend.o) .ctors)
 *(SORT(.ctors.*))
 *(.ctors)

.dtors
 *crtbegin.o(.dtors)
 *crtbegin?.o(.dtors)
 *(EXCLUDE_FILE(*crtend?.o *crtend.o) .dtors)
 *(SORT(.dtors.*))
 *(.dtors)

.jcr
 *(.jcr)

.data.rel.ro
 *(.data.rel.ro.local* .gnu.linkonce.d.rel.ro.local.*)
 *(.data.rel.ro .data.rel.ro.* .gnu.linkonce.d.rel.ro.*)

.dynamic
 *(.dynamic)

.got
 *(.got)
 *(.igot)
                0x00000000c0007000                . = DATA_SEGMENT_RELRO_END (., (SIZEOF (.got.plt) >= 0xc)?0xc:0x0)

.got.plt        0x00000000c0007000        0x0
 *(.got.plt)
 *(.igot.plt)

.data           0x00000000c0007000      0x156
 *(.data .data.* .gnu.linkonce.d.*)
 .data          0x00000000c0007000        0x0 build/main.o
 .data          0x00000000c0007000        0x0 build/init.o
 .data          0x00000000c0007000        0x0 build/interrupt.o
 .data          0x00000000c0007000        0x0 build/timer.o
 .data          0x00000000c0007000       0xc0 build/kernel.o
                0x00000000c0007000                intr_entry_table
 .data          0x00000000c00070c0        0x8 build/print.o
 .data          0x00000000c00070c8        0x0 build/debug.o
 .data          0x00000000c00070c8        0x0 build/memory.o
 .data          0x00000000c00070c8        0x0 build/bitmap.o
 .data          0x00000000c00070c8        0x0 build/string.o
 .data          0x00000000c00070c8        0x0 build/thread.o
 .data          0x00000000c00070c8        0x0 build/list.o
 .data          0x00000000c00070c8        0x0 build/sync.o
 .data          0x00000000c00070c8        0x0 build/console.o
 *fill*         0x00000000c00070c8       0x18 
 .data          0x00000000c00070e0       0x76 build/keyboard.o
 .data          0x00000000c0007156        0x0 build/ioqueue.o

.data1
 *(.data1)
                0x00000000c0007156                _edata = .
                [!provide]                        PROVIDE (edata, .)
                0x00000000c0007156                . = .
                0x00000000c0007156                __bss_start = .

.bss            0x00000000c0007160      0x40c
 *(.dynbss)
 *(.bss .bss.* .gnu.linkonce.b.*)
 .bss           0x00000000c0007160        0x0 build/main.o
 .bss           0x00000000c0007160        0x0 build/init.o
 .bss           0x00000000c0007160      0x180 build/interrupt.o
 .bss           0x00000000c00072e0        0x0 build/timer.o
 .bss           0x00000000c00072e0        0x0 build/debug.o
 .bss           0x00000000c00072e0        0x0 build/memory.o
 .bss           0x00000000c00072e0        0x0 build/bitmap.o
 .bss           0x00000000c00072e0        0x0 build/string.o
 .bss           0x00000000c00072e0        0x4 build/thread.o
 .bss           0x00000000c00072e4        0x0 build/list.o
 .bss           0x00000000c00072e4        0x0 build/sync.o
 .bss           0x00000000c00072e4       0x1c build/console.o
 .bss           0x00000000c0007300       0x14 build/keyboard.o
 .bss           0x00000000c0007314        0x0 build/ioqueue.o
 *(COMMON)
 *fill*         0x00000000c0007314        0xc 
 COMMON         0x00000000c0007320      0x180 build/interrupt.o
                0x00000000c0007320                intr_name
                0x00000000c00073e0                idt_table
 COMMON         0x00000000c00074a0        0x4 build/timer.o
                0x00000000c00074a0                ticks
 COMMON         0x00000000c00074a4       0x2c build/memory.o
                0x00000000c00074a4                user_pool
                0x00000000c00074b4                kernel_vaddr
                0x00000000c00074c0                kernel_pool
 COMMON         0x00000000c00074d0       0x24 build/thread.o
                0x00000000c00074d0                thread_ready_list
                0x00000000c00074e0                thread_all_list
                0x00000000c00074f0                main_thread
 *fill*         0x00000000c00074f4        0xc 
 COMMON         0x00000000c0007500       0x6c build/keyboard.o
                0x00000000c0007500                kbd_buf
                0x00000000c000756c                . = ALIGN ((. != 0x0)?0x4:0x1)
                0x00000000c000756c                . = ALIGN (0x4)
                0x00000000c000756c                . = SEGMENT_START ("ldata-segment", .)
                0x00000000c000756c                . = ALIGN (0x4)
                0x00000000c000756c                _end = .
                [!provide]                        PROVIDE (end, .)
                0x00000000c000756c                . = DATA_SEGMENT_END (.)

.stab
 *(.stab)

.stabstr
 *(.stabstr)

.stab.excl
 *(.stab.excl)

.stab.exclstr
 *(.stab.exclstr)

.stab.index
 *(.stab.index)

.stab.indexstr
 *(.stab.indexstr)

.comment        0x0000000000000000       0x2d
 *(.comment)
 .comment       0x0000000000000000       0x2d build/main.o
                                         0x2e (size before relaxing)
 .comment       0x000000000000002d       0x2e build/init.o
 .comment       0x000000000000002d       0x2e build/interrupt.o
 .comment       0x000000000000002d       0x2e build/timer.o
 .comment       0x000000000000002d       0x2e build/debug.o
 .comment       0x000000000000002d       0x2e build/memory.o
 .comment       0x000000000000002d       0x2e build/bitmap.o
 .comment       0x000000000000002d       0x2e build/string.o
 .comment       0x000000000000002d       0x2e build/thread.o
 .comment       0x000000000000002d       0x2e build/list.o
 .comment       0x000000000000002d       0x2e build/sync.o
 .comment       0x000000000000002d       0x2e build/console.o
 .comment       0x000000000000002d       0x2e build/keyboard.o
 .comment       0x000000000000002d       0x2e build/ioqueue.o

.debug
 *(.debug)

.line
 *(.line)

.debug_srcinfo
 *(.debug_srcinfo)

.debug_sfnames
 *(.debug_sfnames)

.debug_aranges
 *(.debug_aranges)

.debug_pubnames
 *(.debug_pubnames)

.debug_info
 *(.debug_info .gnu.linkonce.wi.*)

.debug_abbrev
 *(.debug_abbrev)

.debug_line
 *(.debug_line .debug_line.* .debug_line_end)

.debug_frame
 *(.debug_frame)

.debug_str
 *(.debug_str)

.debug_loc
 *(.debug_loc)

.debug_macinfo
 *(.debug_macinfo)

.debug_weaknames
 *(.debug_weaknames)

.debug_funcnames
 *(.debug_funcnames)

.debug_typenames
 *(.debug_typenames)

.debug_varnames
 *(.debug_varnames)

.debug_pubtypes
 *(.debug_pubtypes)

.debug_ranges
 *(.debug_ranges)

.debug_macro
 *(.debug_macro)

.gnu.attributes
 *(.gnu.attributes)

/DISCARD/
 *(.note.GNU-stack)
 *(.gnu_debuglink)
 *(.gnu.lto_*)
OUTPUT(build/kernel.bin elf32-i386)
