
Allocating common symbols
Common symbol       size              file

intr_name           0x84              build/interrupt.o
idt_table           0x84              build/interrupt.o

Discarded input sections

 .note.GNU-stack
                0x0000000000000000        0x0 build/main.o
 .note.GNU-stack
                0x0000000000000000        0x0 build/init.o
 .note.GNU-stack
                0x0000000000000000        0x0 build/interrupt.o
 .note.GNU-stack
                0x0000000000000000        0x0 build/timer.o
 .note.GNU-stack
                0x0000000000000000        0x0 build/debug.o

Memory Configuration

Name             Origin             Length             Attributes
*default*        0x0000000000000000 0xffffffffffffffff

Linker script and memory map

Address of section .text set to 0xc0001500
LOAD build/main.o
LOAD build/init.o
LOAD build/interrupt.o
LOAD build/timer.o
LOAD build/kernel.o
LOAD build/debug.o
LOAD build/print.o
                [!provide]                        PROVIDE (__executable_start, 0x8048000)
                0x0000000008048094                . = (0x8048000 + SIZEOF_HEADERS)

.interp
 *(.interp)

.note.gnu.build-id
 *(.note.gnu.build-id)

.hash
 *(.hash)

.gnu.hash
 *(.gnu.hash)

.dynsym
 *(.dynsym)

.dynstr
 *(.dynstr)

.gnu.version
 *(.gnu.version)

.gnu.version_d
 *(.gnu.version_d)

.gnu.version_r
 *(.gnu.version_r)

.rel.dyn        0x0000000008048094        0x0
 *(.rel.init)
 *(.rel.text .rel.text.* .rel.gnu.linkonce.t.*)
 .rel.text      0x0000000008048094        0x0 build/main.o
 *(.rel.fini)
 *(.rel.rodata .rel.rodata.* .rel.gnu.linkonce.r.*)
 *(.rel.data.rel.ro .rel.data.rel.ro.* .rel.gnu.linkonce.d.rel.ro.*)
 *(.rel.data .rel.data.* .rel.gnu.linkonce.d.*)
 *(.rel.tdata .rel.tdata.* .rel.gnu.linkonce.td.*)
 *(.rel.tbss .rel.tbss.* .rel.gnu.linkonce.tb.*)
 *(.rel.ctors)
 *(.rel.dtors)
 *(.rel.got)
 *(.rel.bss .rel.bss.* .rel.gnu.linkonce.b.*)
 *(.rel.ifunc)

.rel.plt        0x0000000008048094        0x0
 *(.rel.plt)
                [!provide]                        PROVIDE (__rel_iplt_start, .)
 *(.rel.iplt)
                [!provide]                        PROVIDE (__rel_iplt_end, .)

.init
 *(SORT(.init))

.plt
 *(.plt)
 *(.iplt)

.plt.got
 *(.plt.got)

.text           0x00000000c0001500      0xca6
 *(.text.unlikely .text.*_unlikely .text.unlikely.*)
 *(.text.exit .text.exit.*)
 *(.text.startup .text.startup.*)
 *(.text.hot .text.hot.*)
 *(.text .stub .text.* .gnu.linkonce.t.*)
 .text          0x00000000c0001500      0x238 build/main.o
                0x00000000c0001500                main
 .text          0x00000000c0001738       0x1e build/init.o
                0x00000000c0001738                init_all
 .text          0x00000000c0001756      0x3be build/interrupt.o
                0x00000000c0001a1f                intr_get_status
                0x00000000c0001a43                intr_set_status
                0x00000000c0001a61                intr_enable
                0x00000000c0001a8a                intr_disable
                0x00000000c0001ab2                idt_init
 .text          0x00000000c0001b14       0xfb build/timer.o
                0x00000000c0001bc3                timer_init
 *fill*         0x00000000c0001c0f        0x1 
 .text          0x00000000c0001c10      0x393 build/kernel.o
                0x00000000c0001c10                exit_intr
 .text          0x00000000c0001fa3       0xa5 build/debug.o
                0x00000000c0001fa3                panic_spin
 *fill*         0x00000000c0002048        0x8 
 .text          0x00000000c0002050      0x156 build/print.o
                0x00000000c0002050                print_str
                0x00000000c000206e                put_int
                0x00000000c00020d1                put_char
 *(.gnu.warning)

.fini
 *(SORT(.fini))
                [!provide]                        PROVIDE (__etext, .)
                [!provide]                        PROVIDE (_etext, .)
                [!provide]                        PROVIDE (etext, .)

.rodata         0x00000000c00021a8      0x324
 *(.rodata .rodata.* .gnu.linkonce.r.*)
 .rodata        0x00000000c00021a8       0x5d build/main.o
 .rodata        0x00000000c0002205        0xb build/init.o
 .rodata        0x00000000c0002210      0x261 build/interrupt.o
 .rodata        0x00000000c0002471       0x23 build/timer.o
 .rodata        0x00000000c0002494       0x38 build/debug.o

.rodata1
 *(.rodata1)

.eh_frame_hdr
 *(.eh_frame_hdr)
 *(.eh_frame_entry .eh_frame_entry.*)

.eh_frame       0x00000000c00024cc      0x244
 *(.eh_frame)
 .eh_frame      0x00000000c00024cc       0x34 build/main.o
 .eh_frame      0x00000000c0002500       0x20 build/init.o
                                         0x38 (size before relaxing)
 .eh_frame      0x00000000c0002520      0x168 build/interrupt.o
                                        0x180 (size before relaxing)
 .eh_frame      0x00000000c0002688       0x6c build/timer.o
                                         0x84 (size before relaxing)
 .eh_frame      0x00000000c00026f4       0x1c build/debug.o
                                         0x34 (size before relaxing)
 *(.eh_frame.*)

.gcc_except_table
 *(.gcc_except_table .gcc_except_table.*)

.gnu_extab
 *(.gnu_extab*)

.exception_ranges
 *(.exception_ranges .exception_ranges*)
                0x00000000c0004000                . = DATA_SEGMENT_ALIGN (0x1000, 0x1000)

.eh_frame
 *(.eh_frame)
 *(.eh_frame.*)

.gnu_extab
 *(.gnu_extab)

.gcc_except_table
 *(.gcc_except_table .gcc_except_table.*)

.exception_ranges
 *(.exception_ranges .exception_ranges*)

.tdata
 *(.tdata .tdata.* .gnu.linkonce.td.*)

.tbss
 *(.tbss .tbss.* .gnu.linkonce.tb.*)
 *(.tcommon)

.preinit_array  0x00000000c0004000        0x0
                [!provide]                        PROVIDE (__preinit_array_start, .)
 *(.preinit_array)
                [!provide]                        PROVIDE (__preinit_array_end, .)

.init_array     0x00000000c0004000        0x0
                [!provide]                        PROVIDE (__init_array_start, .)
 *(SORT(.init_array.*) SORT(.ctors.*))
 *(.init_array EXCLUDE_FILE(*crtend?.o *crtend.o *crtbegin?.o *crtbegin.o) .ctors)
                [!provide]                        PROVIDE (__init_array_end, .)

.fini_array     0x00000000c0004000        0x0
                [!provide]                        PROVIDE (__fini_array_start, .)
 *(SORT(.fini_array.*) SORT(.dtors.*))
 *(.fini_array EXCLUDE_FILE(*crtend?.o *crtend.o *crtbegin?.o *crtbegin.o) .dtors)
                [!provide]                        PROVIDE (__fini_array_end, .)

.ctors
 *crtbegin.o(.ctors)
 *crtbegin?.o(.ctors)
 *(EXCLUDE_FILE(*crtend?.o *crtend.o) .ctors)
 *(SORT(.ctors.*))
 *(.ctors)

.dtors
 *crtbegin.o(.dtors)
 *crtbegin?.o(.dtors)
 *(EXCLUDE_FILE(*crtend?.o *crtend.o) .dtors)
 *(SORT(.dtors.*))
 *(.dtors)

.jcr
 *(.jcr)

.data.rel.ro
 *(.data.rel.ro.local* .gnu.linkonce.d.rel.ro.local.*)
 *(.data.rel.ro .data.rel.ro.* .gnu.linkonce.d.rel.ro.*)

.dynamic
 *(.dynamic)

.got
 *(.got)
 *(.igot)
                0x00000000c0004000                . = DATA_SEGMENT_RELRO_END (., (SIZEOF (.got.plt) >= 0xc)?0xc:0x0)

.got.plt        0x00000000c0004000        0x0
 *(.got.plt)
 *(.igot.plt)

.data           0x00000000c0004000       0xa0
 *(.data .data.* .gnu.linkonce.d.*)
 .data          0x00000000c0004000        0x0 build/main.o
 .data          0x00000000c0004000        0x0 build/init.o
 .data          0x00000000c0004000        0x0 build/interrupt.o
 .data          0x00000000c0004000        0x0 build/timer.o
 .data          0x00000000c0004000       0x95 build/kernel.o
                0x00000000c0004011                intr_entry_table
 .data          0x00000000c0004095        0x0 build/debug.o
 *fill*         0x00000000c0004095        0x3 
 .data          0x00000000c0004098        0x8 build/print.o

.data1
 *(.data1)
                0x00000000c00040a0                _edata = .
                [!provide]                        PROVIDE (edata, .)
                0x00000000c00040a0                . = .
                0x00000000c00040a0                __bss_start = .

.bss            0x00000000c00040a0      0x244
 *(.dynbss)
 *(.bss .bss.* .gnu.linkonce.b.*)
 .bss           0x00000000c00040a0        0x0 build/main.o
 .bss           0x00000000c00040a0        0x0 build/init.o
 .bss           0x00000000c00040a0      0x108 build/interrupt.o
 .bss           0x00000000c00041a8        0x0 build/timer.o
 .bss           0x00000000c00041a8        0x0 build/debug.o
 *(COMMON)
 *fill*         0x00000000c00041a8       0x18 
 COMMON         0x00000000c00041c0      0x124 build/interrupt.o
                0x00000000c00041c0                intr_name
                0x00000000c0004260                idt_table
                0x00000000c00042e4                . = ALIGN ((. != 0x0)?0x4:0x1)
                0x00000000c00042e4                . = ALIGN (0x4)
                0x00000000c00042e4                . = SEGMENT_START ("ldata-segment", .)
                0x00000000c00042e4                . = ALIGN (0x4)
                0x00000000c00042e4                _end = .
                [!provide]                        PROVIDE (end, .)
                0x00000000c00042e4                . = DATA_SEGMENT_END (.)

.stab
 *(.stab)

.stabstr
 *(.stabstr)

.stab.excl
 *(.stab.excl)

.stab.exclstr
 *(.stab.exclstr)

.stab.index
 *(.stab.index)

.stab.indexstr
 *(.stab.indexstr)

.comment        0x0000000000000000       0x2d
 *(.comment)
 .comment       0x0000000000000000       0x2d build/main.o
                                         0x2e (size before relaxing)
 .comment       0x000000000000002d       0x2e build/init.o
 .comment       0x000000000000002d       0x2e build/interrupt.o
 .comment       0x000000000000002d       0x2e build/timer.o
 .comment       0x000000000000002d       0x2e build/debug.o

.debug
 *(.debug)

.line
 *(.line)

.debug_srcinfo
 *(.debug_srcinfo)

.debug_sfnames
 *(.debug_sfnames)

.debug_aranges
 *(.debug_aranges)

.debug_pubnames
 *(.debug_pubnames)

.debug_info
 *(.debug_info .gnu.linkonce.wi.*)

.debug_abbrev
 *(.debug_abbrev)

.debug_line
 *(.debug_line .debug_line.* .debug_line_end)

.debug_frame
 *(.debug_frame)

.debug_str
 *(.debug_str)

.debug_loc
 *(.debug_loc)

.debug_macinfo
 *(.debug_macinfo)

.debug_weaknames
 *(.debug_weaknames)

.debug_funcnames
 *(.debug_funcnames)

.debug_typenames
 *(.debug_typenames)

.debug_varnames
 *(.debug_varnames)

.debug_pubtypes
 *(.debug_pubtypes)

.debug_ranges
 *(.debug_ranges)

.debug_macro
 *(.debug_macro)

.gnu.attributes
 *(.gnu.attributes)

/DISCARD/
 *(.note.GNU-stack)
 *(.gnu_debuglink)
 *(.gnu.lto_*)
OUTPUT(build/kernel.bin elf32-i386)
