
Allocating common symbols
Common symbol       size              file

kbd_buf             0x6c              build/keyboard.o
thread_ready_list   0x10              build/thread.o
thread_all_list     0x10              build/thread.o
user_pool           0x2c              build/memory.o
k_block_descs       0xa8              build/memory.o
intr_name           0x204             build/interrupt.o
main_thread         0x4               build/thread.o
ticks               0x4               build/timer.o
kernel_vaddr        0xc               build/memory.o
syscall_table       0x80              build/syscall-init.o
idt_table           0x204             build/interrupt.o
kernel_pool         0x2c              build/memory.o
pid_lock            0x1c              build/thread.o

Discarded input sections

 .note.GNU-stack
                0x0000000000000000        0x0 build/main.o
 .note.GNU-stack
                0x0000000000000000        0x0 build/init.o
 .note.GNU-stack
                0x0000000000000000        0x0 build/interrupt.o
 .note.GNU-stack
                0x0000000000000000        0x0 build/timer.o
 .note.GNU-stack
                0x0000000000000000        0x0 build/debug.o
 .note.GNU-stack
                0x0000000000000000        0x0 build/memory.o
 .note.GNU-stack
                0x0000000000000000        0x0 build/bitmap.o
 .note.GNU-stack
                0x0000000000000000        0x0 build/string.o
 .note.GNU-stack
                0x0000000000000000        0x0 build/thread.o
 .note.GNU-stack
                0x0000000000000000        0x0 build/list.o
 .note.GNU-stack
                0x0000000000000000        0x0 build/console.o
 .note.GNU-stack
                0x0000000000000000        0x0 build/sync.o
 .note.GNU-stack
                0x0000000000000000        0x0 build/keyboard.o
 .note.GNU-stack
                0x0000000000000000        0x0 build/ioqueue.o
 .note.GNU-stack
                0x0000000000000000        0x0 build/tss.o
 .note.GNU-stack
                0x0000000000000000        0x0 build/process.o
 .note.GNU-stack
                0x0000000000000000        0x0 build/syscall.o
 .note.GNU-stack
                0x0000000000000000        0x0 build/syscall-init.o
 .note.GNU-stack
                0x0000000000000000        0x0 build/stdio.o

Memory Configuration

Name             Origin             Length             Attributes
*default*        0x0000000000000000 0xffffffffffffffff

Linker script and memory map

Address of section .text set to 0xc0001500
LOAD build/main.o
LOAD build/init.o
LOAD build/interrupt.o
LOAD build/timer.o
LOAD build/kernel.o
LOAD build/print.o
LOAD build/debug.o
LOAD build/memory.o
LOAD build/bitmap.o
LOAD build/string.o
LOAD build/thread.o
LOAD build/list.o
LOAD build/switch.o
LOAD build/console.o
LOAD build/sync.o
LOAD build/keyboard.o
LOAD build/ioqueue.o
LOAD build/tss.o
LOAD build/process.o
LOAD build/syscall.o
LOAD build/syscall-init.o
LOAD build/stdio.o
                [!provide]                        PROVIDE (__executable_start, 0x8048000)
                0x0000000008048094                . = (0x8048000 + SIZEOF_HEADERS)

.interp
 *(.interp)

.note.gnu.build-id
 *(.note.gnu.build-id)

.hash
 *(.hash)

.gnu.hash
 *(.gnu.hash)

.dynsym
 *(.dynsym)

.dynstr
 *(.dynstr)

.gnu.version
 *(.gnu.version)

.gnu.version_d
 *(.gnu.version_d)

.gnu.version_r
 *(.gnu.version_r)

.rel.dyn        0x0000000008048094        0x0
 *(.rel.init)
 *(.rel.text .rel.text.* .rel.gnu.linkonce.t.*)
 .rel.text      0x0000000008048094        0x0 build/main.o
 *(.rel.fini)
 *(.rel.rodata .rel.rodata.* .rel.gnu.linkonce.r.*)
 *(.rel.data.rel.ro .rel.data.rel.ro.* .rel.gnu.linkonce.d.rel.ro.*)
 *(.rel.data .rel.data.* .rel.gnu.linkonce.d.*)
 *(.rel.tdata .rel.tdata.* .rel.gnu.linkonce.td.*)
 *(.rel.tbss .rel.tbss.* .rel.gnu.linkonce.tb.*)
 *(.rel.ctors)
 *(.rel.dtors)
 *(.rel.got)
 *(.rel.bss .rel.bss.* .rel.gnu.linkonce.b.*)
 *(.rel.ifunc)

.rel.plt        0x0000000008048094        0x0
 *(.rel.plt)
                [!provide]                        PROVIDE (__rel_iplt_start, .)
 *(.rel.iplt)
                [!provide]                        PROVIDE (__rel_iplt_end, .)

.init
 *(SORT(.init))

.plt
 *(.plt)
 *(.iplt)

.plt.got
 *(.plt.got)

.text           0x00000000c0001500     0x3b62
 *(.text.unlikely .text.*_unlikely .text.unlikely.*)
 *(.text.exit .text.exit.*)
 *(.text.startup .text.startup.*)
 *(.text.hot .text.hot.*)
 *(.text .stub .text.* .gnu.linkonce.t.*)
 .text          0x00000000c0001500      0x12b build/main.o
                0x00000000c0001500                main
                0x00000000c0001569                k_thread_a
                0x00000000c000159d                k_thread_b
                0x00000000c00015d1                u_prog_a
                0x00000000c00015fe                u_prog_b
 .text          0x00000000c000162b       0x3c build/init.o
                0x00000000c000162b                init_all
 .text          0x00000000c0001667      0x494 build/interrupt.o
                0x00000000c00019e9                intr_enable
                0x00000000c0001a12                intr_disable
                0x00000000c0001a3b                intr_set_status
                0x00000000c0001a59                intr_get_status
                0x00000000c0001a7d                register_handler
                0x00000000c0001a99                idt_init
 .text          0x00000000c0001afb      0x193 build/timer.o
                0x00000000c0001c2e                timer_init
 *fill*         0x00000000c0001c8e        0x2 
 .text          0x00000000c0001c90      0x55b build/kernel.o
                0x00000000c0001c90                intr_exit
                0x00000000c00021c7                syscall_handler
 *fill*         0x00000000c00021eb        0x5 
 .text          0x00000000c00021f0      0x172 build/print.o
                0x00000000c00021f0                put_str
                0x00000000c000220e                put_char
                0x00000000c00022db                put_int
                0x00000000c000233e                set_cursor
 .text          0x00000000c0002362       0xa5 build/debug.o
                0x00000000c0002362                panic_spin
 .text          0x00000000c0002407      0xc10 build/memory.o
                0x00000000c000242e                sys_malloc
                0x00000000c0002757                block_desc_init
                0x00000000c000290d                pte_ptr
                0x00000000c000293d                pde_ptr
                0x00000000c0002aee                malloc_page
                0x00000000c0002bb8                get_kernel_pages
                0x00000000c0002c14                get_user_pages
                0x00000000c0002c70                get_a_page
                0x00000000c0002de8                addr_v2p
                0x00000000c0002fd6                mem_init
 .text          0x00000000c0003017      0x266 build/bitmap.o
                0x00000000c0003017                bitmap_init
                0x00000000c000303e                bitmap_scan_test
                0x00000000c000307e                bitmap_scan
                0x00000000c00031c2                bitmap_set
 .text          0x00000000c000327d      0x449 build/string.o
                0x00000000c000327d                memset
                0x00000000c00032d9                memcpy
                0x00000000c0003345                memcmp
                0x00000000c00033d5                strcpy
                0x00000000c0003437                strlen
                0x00000000c000348d                strcmp
                0x00000000c0003514                strchr
                0x00000000c0003579                strrchr
                0x00000000c00035e2                strcat
                0x00000000c0003659                strchrs
 .text          0x00000000c00036c6      0x5ed build/thread.o
                0x00000000c00036c6                running_thread
                0x00000000c000372a                thread_create
                0x00000000c00037a0                init_thread
                0x00000000c000384a                thread_start
                0x00000000c00039c5                schedule
                0x00000000c0003af8                thread_block
                0x00000000c0003b5f                thread_unblock
                0x00000000c0003c6a                thread_init
 .text          0x00000000c0003cb3      0x1e3 build/list.o
                0x00000000c0003cb3                list_init
                0x00000000c0003ce0                list_insert_before
                0x00000000c0003d21                list_push
                0x00000000c0003d3e                list_append
                0x00000000c0003d5b                list_remove
                0x00000000c0003d91                list_pop
                0x00000000c0003db0                elem_find
                0x00000000c0003deb                list_traversal
                0x00000000c0003e48                list_len
                0x00000000c0003e7d                list_empty
 *fill*         0x00000000c0003e96        0xa 
 .text          0x00000000c0003ea0       0x15 build/switch.o
                0x00000000c0003ea0                switch_to
 .text          0x00000000c0003eb5       0x9a build/console.o
                0x00000000c0003eb5                console_init
                0x00000000c0003ec9                console_acquire
                0x00000000c0003edd                console_release
                0x00000000c0003ef1                console_put_str
                0x00000000c0003f0e                console_put_char
                0x00000000c0003f32                console_put_int
 .text          0x00000000c0003f4f      0x318 build/sync.o
                0x00000000c0003f4f                sema_init
                0x00000000c0003f74                lock_init
                0x00000000c0003fa5                sema_down
                0x00000000c00040b9                sema_up
                0x00000000c000416f                lock_acquire
                0x00000000c00041eb                lock_release
 .text          0x00000000c0004267      0x2bc build/keyboard.o
                0x00000000c00044e3                keyboard_init
 .text          0x00000000c0004523      0x2f4 build/ioqueue.o
                0x00000000c0004523                ioqueue_init
                0x00000000c000457e                ioq_full
                0x00000000c00045d4                ioq_empty
                0x00000000c00046bb                ioq_getchar
                0x00000000c0004768                ioq_putchar
 .text          0x00000000c0004817      0x1af build/tss.o
                0x00000000c0004817                update_tss_esp
                0x00000000c0004898                tss_init
 .text          0x00000000c00049c6      0x365 build/process.o
                0x00000000c00049c6                process_execute
                0x00000000c0004af0                start_process
                0x00000000c0004bf6                process_activate
                0x00000000c0004c48                page_dir_activate
                0x00000000c0004c78                create_page_dir
                0x00000000c0004ce9                create_user_vaddr_bitmap
 .text          0x00000000c0004d2b       0x34 build/syscall.o
                0x00000000c0004d2b                getpid
                0x00000000c0004d40                write
 .text          0x00000000c0004d5f       0x64 build/syscall-init.o
                0x00000000c0004d5f                sys_getpid
                0x00000000c0004d71                sys_write
                0x00000000c0004d8f                syscall_init
 .text          0x00000000c0004dc3      0x29f build/stdio.o
                0x00000000c0004e4a                vsprintf
                0x00000000c0004fcc                printf
                0x00000000c000502e                fprintf
 *(.gnu.warning)

.fini
 *(SORT(.fini))
                [!provide]                        PROVIDE (__etext, .)
                [!provide]                        PROVIDE (_etext, .)
                [!provide]                        PROVIDE (etext, .)

.rodata         0x00000000c0005064      0xd01
 *(.rodata .rodata.* .gnu.linkonce.r.*)
 .rodata        0x00000000c0005064       0x71 build/main.o
 .rodata        0x00000000c00050d5        0xa build/init.o
 *fill*         0x00000000c00050df        0x1 
 .rodata        0x00000000c00050e0      0x2dc build/interrupt.o
 .rodata        0x00000000c00053bc       0x6b build/timer.o
 .rodata        0x00000000c0005427       0x3f build/debug.o
 *fill*         0x00000000c0005466        0x2 
 .rodata        0x00000000c0005468      0x209 build/memory.o
 *fill*         0x00000000c0005671        0x3 
 .rodata        0x00000000c0005674       0x68 build/bitmap.o
 .rodata        0x00000000c00056dc       0xb9 build/string.o
 *fill*         0x00000000c0005795        0x3 
 .rodata        0x00000000c0005798      0x2be build/thread.o
 *fill*         0x00000000c0005a56        0x2 
 .rodata        0x00000000c0005a58      0x112 build/sync.o
 .rodata        0x00000000c0005b6a       0x36 build/keyboard.o
 .rodata        0x00000000c0005ba0       0x9d build/ioqueue.o
 .rodata        0x00000000c0005c3d       0x27 build/tss.o
 .rodata        0x00000000c0005c64       0xda build/process.o
 .rodata        0x00000000c0005d3e       0x27 build/syscall-init.o

.rodata1
 *(.rodata1)

.eh_frame_hdr
 *(.eh_frame_hdr)
 *(.eh_frame_entry .eh_frame_entry.*)

.eh_frame       0x00000000c0005d68      0xea8
 *(.eh_frame)
 .eh_frame      0x00000000c0005d68       0xa4 build/main.o
 .eh_frame      0x00000000c0005e0c       0x20 build/init.o
                                         0x38 (size before relaxing)
 .eh_frame      0x00000000c0005e2c      0x188 build/interrupt.o
                                        0x1a0 (size before relaxing)
 .eh_frame      0x00000000c0005fb4       0x8c build/timer.o
                                         0xa4 (size before relaxing)
 .eh_frame      0x00000000c0006040       0x1c build/debug.o
                                         0x34 (size before relaxing)
 .eh_frame      0x00000000c000605c      0x200 build/memory.o
                                        0x218 (size before relaxing)
 .eh_frame      0x00000000c000625c       0x8c build/bitmap.o
                                         0xa4 (size before relaxing)
 .eh_frame      0x00000000c00062e8      0x140 build/string.o
                                        0x158 (size before relaxing)
 .eh_frame      0x00000000c0006428      0x160 build/thread.o
                                        0x178 (size before relaxing)
 .eh_frame      0x00000000c0006588      0x140 build/list.o
                                        0x158 (size before relaxing)
 .eh_frame      0x00000000c00066c8       0xc0 build/console.o
                                         0xd8 (size before relaxing)
 .eh_frame      0x00000000c0006788       0xc8 build/sync.o
                                         0xe0 (size before relaxing)
 .eh_frame      0x00000000c0006850       0x60 build/keyboard.o
                                         0x78 (size before relaxing)
 .eh_frame      0x00000000c00068b0      0x104 build/ioqueue.o
                                        0x11c (size before relaxing)
 .eh_frame      0x00000000c00069b4       0x64 build/tss.o
                                         0x7c (size before relaxing)
 .eh_frame      0x00000000c0006a18       0xc0 build/process.o
                                         0xd8 (size before relaxing)
 .eh_frame      0x00000000c0006ad8       0x44 build/syscall.o
                                         0x5c (size before relaxing)
 .eh_frame      0x00000000c0006b1c       0x60 build/syscall-init.o
                                         0x78 (size before relaxing)
 .eh_frame      0x00000000c0006b7c       0x94 build/stdio.o
                                         0xac (size before relaxing)
 *(.eh_frame.*)

.gcc_except_table
 *(.gcc_except_table .gcc_except_table.*)

.gnu_extab
 *(.gnu_extab*)

.exception_ranges
 *(.exception_ranges .exception_ranges*)
                0x00000000c0008000                . = DATA_SEGMENT_ALIGN (0x1000, 0x1000)

.eh_frame
 *(.eh_frame)
 *(.eh_frame.*)

.gnu_extab
 *(.gnu_extab)

.gcc_except_table
 *(.gcc_except_table .gcc_except_table.*)

.exception_ranges
 *(.exception_ranges .exception_ranges*)

.tdata
 *(.tdata .tdata.* .gnu.linkonce.td.*)

.tbss
 *(.tbss .tbss.* .gnu.linkonce.tb.*)
 *(.tcommon)

.preinit_array  0x00000000c0008000        0x0
                [!provide]                        PROVIDE (__preinit_array_start, .)
 *(.preinit_array)
                [!provide]                        PROVIDE (__preinit_array_end, .)

.init_array     0x00000000c0008000        0x0
                [!provide]                        PROVIDE (__init_array_start, .)
 *(SORT(.init_array.*) SORT(.ctors.*))
 *(.init_array EXCLUDE_FILE(*crtend?.o *crtend.o *crtbegin?.o *crtbegin.o) .ctors)
                [!provide]                        PROVIDE (__init_array_end, .)

.fini_array     0x00000000c0008000        0x0
                [!provide]                        PROVIDE (__fini_array_start, .)
 *(SORT(.fini_array.*) SORT(.dtors.*))
 *(.fini_array EXCLUDE_FILE(*crtend?.o *crtend.o *crtbegin?.o *crtbegin.o) .dtors)
                [!provide]                        PROVIDE (__fini_array_end, .)

.ctors
 *crtbegin.o(.ctors)
 *crtbegin?.o(.ctors)
 *(EXCLUDE_FILE(*crtend?.o *crtend.o) .ctors)
 *(SORT(.ctors.*))
 *(.ctors)

.dtors
 *crtbegin.o(.dtors)
 *crtbegin?.o(.dtors)
 *(EXCLUDE_FILE(*crtend?.o *crtend.o) .dtors)
 *(SORT(.dtors.*))
 *(.dtors)

.jcr
 *(.jcr)

.data.rel.ro
 *(.data.rel.ro.local* .gnu.linkonce.d.rel.ro.local.*)
 *(.data.rel.ro .data.rel.ro.* .gnu.linkonce.d.rel.ro.*)

.dynamic
 *(.dynamic)

.got
 *(.got)
 *(.igot)
                0x00000000c0008000                . = DATA_SEGMENT_RELRO_END (., (SIZEOF (.got.plt) >= 0xc)?0xc:0x0)

.got.plt        0x00000000c0008000        0x0
 *(.got.plt)
 *(.igot.plt)

.data           0x00000000c0008000      0x156
 *(.data .data.* .gnu.linkonce.d.*)
 .data          0x00000000c0008000        0x0 build/main.o
 .data          0x00000000c0008000        0x0 build/init.o
 .data          0x00000000c0008000        0x0 build/interrupt.o
 .data          0x00000000c0008000        0x0 build/timer.o
 .data          0x00000000c0008000       0xc0 build/kernel.o
                0x00000000c0008000                intr_entry_table
 .data          0x00000000c00080c0        0x8 build/print.o
 .data          0x00000000c00080c8        0x0 build/debug.o
 .data          0x00000000c00080c8        0x0 build/memory.o
 .data          0x00000000c00080c8        0x0 build/bitmap.o
 .data          0x00000000c00080c8        0x0 build/string.o
 .data          0x00000000c00080c8        0x0 build/thread.o
 .data          0x00000000c00080c8        0x0 build/list.o
 .data          0x00000000c00080c8        0x0 build/console.o
 .data          0x00000000c00080c8        0x0 build/sync.o
 *fill*         0x00000000c00080c8       0x18 
 .data          0x00000000c00080e0       0x76 build/keyboard.o
 .data          0x00000000c0008156        0x0 build/ioqueue.o
 .data          0x00000000c0008156        0x0 build/tss.o
 .data          0x00000000c0008156        0x0 build/process.o
 .data          0x00000000c0008156        0x0 build/syscall.o
 .data          0x00000000c0008156        0x0 build/syscall-init.o
 .data          0x00000000c0008156        0x0 build/stdio.o

.data1
 *(.data1)
                0x00000000c0008156                _edata = .
                [!provide]                        PROVIDE (edata, .)
                0x00000000c0008156                . = .
                0x00000000c0008156                __bss_start = .

.bss            0x00000000c0008160      0xb80
 *(.dynbss)
 *(.bss .bss.* .gnu.linkonce.b.*)
 .bss           0x00000000c0008160        0x0 build/main.o
 .bss           0x00000000c0008160        0x0 build/init.o
 .bss           0x00000000c0008160      0x408 build/interrupt.o
 .bss           0x00000000c0008568        0x0 build/timer.o
 .bss           0x00000000c0008568        0x0 build/debug.o
 .bss           0x00000000c0008568        0x0 build/memory.o
 .bss           0x00000000c0008568        0x0 build/bitmap.o
 .bss           0x00000000c0008568        0x0 build/string.o
 .bss           0x00000000c0008568        0x6 build/thread.o
 .bss           0x00000000c000856e        0x0 build/list.o
 *fill*         0x00000000c000856e        0x2 
 .bss           0x00000000c0008570       0x1c build/console.o
 .bss           0x00000000c000858c        0x0 build/sync.o
 .bss           0x00000000c000858c       0x14 build/keyboard.o
 .bss           0x00000000c00085a0        0x0 build/ioqueue.o
 .bss           0x00000000c00085a0       0x6c build/tss.o
 .bss           0x00000000c000860c        0x0 build/process.o
 .bss           0x00000000c000860c        0x0 build/syscall.o
 .bss           0x00000000c000860c        0x0 build/syscall-init.o
 .bss           0x00000000c000860c        0x0 build/stdio.o
 *(COMMON)
 *fill*         0x00000000c000860c       0x14 
 COMMON         0x00000000c0008620      0x424 build/interrupt.o
                0x00000000c0008620                intr_name
                0x00000000c0008840                idt_table
 COMMON         0x00000000c0008a44        0x4 build/timer.o
                0x00000000c0008a44                ticks
 *fill*         0x00000000c0008a48       0x18 
 COMMON         0x00000000c0008a60      0x12c build/memory.o
                0x00000000c0008a60                user_pool
                0x00000000c0008aa0                k_block_descs
                0x00000000c0008b48                kernel_vaddr
                0x00000000c0008b60                kernel_pool
 COMMON         0x00000000c0008b8c       0x40 build/thread.o
                0x00000000c0008b8c                thread_ready_list
                0x00000000c0008b9c                thread_all_list
                0x00000000c0008bac                main_thread
                0x00000000c0008bb0                pid_lock
 *fill*         0x00000000c0008bcc       0x14 
 COMMON         0x00000000c0008be0       0x6c build/keyboard.o
                0x00000000c0008be0                kbd_buf
 *fill*         0x00000000c0008c4c       0x14 
 COMMON         0x00000000c0008c60       0x80 build/syscall-init.o
                0x00000000c0008c60                syscall_table
                0x00000000c0008ce0                . = ALIGN ((. != 0x0)?0x4:0x1)
                0x00000000c0008ce0                . = ALIGN (0x4)
                0x00000000c0008ce0                . = SEGMENT_START ("ldata-segment", .)
                0x00000000c0008ce0                . = ALIGN (0x4)
                0x00000000c0008ce0                _end = .
                [!provide]                        PROVIDE (end, .)
                0x00000000c0008ce0                . = DATA_SEGMENT_END (.)

.stab
 *(.stab)

.stabstr
 *(.stabstr)

.stab.excl
 *(.stab.excl)

.stab.exclstr
 *(.stab.exclstr)

.stab.index
 *(.stab.index)

.stab.indexstr
 *(.stab.indexstr)

.comment        0x0000000000000000       0x2d
 *(.comment)
 .comment       0x0000000000000000       0x2d build/main.o
                                         0x2e (size before relaxing)
 .comment       0x000000000000002d       0x2e build/init.o
 .comment       0x000000000000002d       0x2e build/interrupt.o
 .comment       0x000000000000002d       0x2e build/timer.o
 .comment       0x000000000000002d       0x2e build/debug.o
 .comment       0x000000000000002d       0x2e build/memory.o
 .comment       0x000000000000002d       0x2e build/bitmap.o
 .comment       0x000000000000002d       0x2e build/string.o
 .comment       0x000000000000002d       0x2e build/thread.o
 .comment       0x000000000000002d       0x2e build/list.o
 .comment       0x000000000000002d       0x2e build/console.o
 .comment       0x000000000000002d       0x2e build/sync.o
 .comment       0x000000000000002d       0x2e build/keyboard.o
 .comment       0x000000000000002d       0x2e build/ioqueue.o
 .comment       0x000000000000002d       0x2e build/tss.o
 .comment       0x000000000000002d       0x2e build/process.o
 .comment       0x000000000000002d       0x2e build/syscall.o
 .comment       0x000000000000002d       0x2e build/syscall-init.o
 .comment       0x000000000000002d       0x2e build/stdio.o

.debug
 *(.debug)

.line
 *(.line)

.debug_srcinfo
 *(.debug_srcinfo)

.debug_sfnames
 *(.debug_sfnames)

.debug_aranges
 *(.debug_aranges)

.debug_pubnames
 *(.debug_pubnames)

.debug_info
 *(.debug_info .gnu.linkonce.wi.*)

.debug_abbrev
 *(.debug_abbrev)

.debug_line
 *(.debug_line .debug_line.* .debug_line_end)

.debug_frame
 *(.debug_frame)

.debug_str
 *(.debug_str)

.debug_loc
 *(.debug_loc)

.debug_macinfo
 *(.debug_macinfo)

.debug_weaknames
 *(.debug_weaknames)

.debug_funcnames
 *(.debug_funcnames)

.debug_typenames
 *(.debug_typenames)

.debug_varnames
 *(.debug_varnames)

.debug_pubtypes
 *(.debug_pubtypes)

.debug_ranges
 *(.debug_ranges)

.debug_macro
 *(.debug_macro)

.gnu.attributes
 *(.gnu.attributes)

/DISCARD/
 *(.note.GNU-stack)
 *(.gnu_debuglink)
 *(.gnu.lto_*)
OUTPUT(build/kernel.bin elf32-i386)
