
Allocating common symbols
Common symbol       size              file

kbd_buf             0x6c              build/keyboard.o
thread_ready_list   0x10              build/thread.o
thread_all_list     0x10              build/thread.o
user_pool           0x2c              build/memory.o
channel_cnt         0x1               build/ide.o
cur_part            0x4               build/fs.o
k_block_descs       0xa8              build/memory.o
idle_thread         0x4               build/thread.o
intr_name           0x204             build/interrupt.o
main_thread         0x4               build/thread.o
channels            0xcc0             build/ide.o
ticks               0x4               build/timer.o
kernel_vaddr        0xc               build/memory.o
syscall_table       0x80              build/syscall-init.o
idt_table           0x204             build/interrupt.o
file_table          0x180             build/file.o
partition_list      0x10              build/ide.o
kernel_pool         0x2c              build/memory.o
pid_lock            0x1c              build/thread.o

Discarded input sections

 .note.GNU-stack
                0x0000000000000000        0x0 build/main.o
 .note.GNU-stack
                0x0000000000000000        0x0 build/init.o
 .note.GNU-stack
                0x0000000000000000        0x0 build/interrupt.o
 .note.GNU-stack
                0x0000000000000000        0x0 build/timer.o
 .note.GNU-stack
                0x0000000000000000        0x0 build/debug.o
 .note.GNU-stack
                0x0000000000000000        0x0 build/memory.o
 .note.GNU-stack
                0x0000000000000000        0x0 build/bitmap.o
 .note.GNU-stack
                0x0000000000000000        0x0 build/string.o
 .note.GNU-stack
                0x0000000000000000        0x0 build/thread.o
 .note.GNU-stack
                0x0000000000000000        0x0 build/list.o
 .note.GNU-stack
                0x0000000000000000        0x0 build/console.o
 .note.GNU-stack
                0x0000000000000000        0x0 build/sync.o
 .note.GNU-stack
                0x0000000000000000        0x0 build/keyboard.o
 .note.GNU-stack
                0x0000000000000000        0x0 build/ioqueue.o
 .note.GNU-stack
                0x0000000000000000        0x0 build/tss.o
 .note.GNU-stack
                0x0000000000000000        0x0 build/process.o
 .note.GNU-stack
                0x0000000000000000        0x0 build/syscall.o
 .note.GNU-stack
                0x0000000000000000        0x0 build/syscall-init.o
 .note.GNU-stack
                0x0000000000000000        0x0 build/stdio.o
 .note.GNU-stack
                0x0000000000000000        0x0 build/ide.o
 .note.GNU-stack
                0x0000000000000000        0x0 build/stdio-kernel.o
 .note.GNU-stack
                0x0000000000000000        0x0 build/fs.o
 .note.GNU-stack
                0x0000000000000000        0x0 build/inode.o
 .note.GNU-stack
                0x0000000000000000        0x0 build/file.o

Memory Configuration

Name             Origin             Length             Attributes
*default*        0x0000000000000000 0xffffffffffffffff

Linker script and memory map

Address of section .text set to 0xc0001500
LOAD build/main.o
LOAD build/init.o
LOAD build/interrupt.o
LOAD build/timer.o
LOAD build/kernel.o
LOAD build/print.o
LOAD build/debug.o
LOAD build/memory.o
LOAD build/bitmap.o
LOAD build/string.o
LOAD build/thread.o
LOAD build/list.o
LOAD build/switch.o
LOAD build/console.o
LOAD build/sync.o
LOAD build/keyboard.o
LOAD build/ioqueue.o
LOAD build/tss.o
LOAD build/process.o
LOAD build/syscall.o
LOAD build/syscall-init.o
LOAD build/stdio.o
LOAD build/ide.o
LOAD build/stdio-kernel.o
LOAD build/fs.o
LOAD build/inode.o
LOAD build/file.o
                [!provide]                        PROVIDE (__executable_start, 0x8048000)
                0x0000000008048094                . = (0x8048000 + SIZEOF_HEADERS)

.interp
 *(.interp)

.note.gnu.build-id
 *(.note.gnu.build-id)

.hash
 *(.hash)

.gnu.hash
 *(.gnu.hash)

.dynsym
 *(.dynsym)

.dynstr
 *(.dynstr)

.gnu.version
 *(.gnu.version)

.gnu.version_d
 *(.gnu.version_d)

.gnu.version_r
 *(.gnu.version_r)

.rel.dyn        0x0000000008048094        0x0
 *(.rel.init)
 *(.rel.text .rel.text.* .rel.gnu.linkonce.t.*)
 .rel.text      0x0000000008048094        0x0 build/main.o
 *(.rel.fini)
 *(.rel.rodata .rel.rodata.* .rel.gnu.linkonce.r.*)
 *(.rel.data.rel.ro .rel.data.rel.ro.* .rel.gnu.linkonce.d.rel.ro.*)
 *(.rel.data .rel.data.* .rel.gnu.linkonce.d.*)
 *(.rel.tdata .rel.tdata.* .rel.gnu.linkonce.td.*)
 *(.rel.tbss .rel.tbss.* .rel.gnu.linkonce.tb.*)
 *(.rel.ctors)
 *(.rel.dtors)
 *(.rel.got)
 *(.rel.bss .rel.bss.* .rel.gnu.linkonce.b.*)
 *(.rel.ifunc)

.rel.plt        0x0000000008048094        0x0
 *(.rel.plt)
                [!provide]                        PROVIDE (__rel_iplt_start, .)
 *(.rel.iplt)
                [!provide]                        PROVIDE (__rel_iplt_end, .)

.init
 *(SORT(.init))

.plt
 *(.plt)
 *(.iplt)

.plt.got
 *(.plt.got)

.text           0x00000000c0001500     0x6190
 *(.text.unlikely .text.*_unlikely .text.unlikely.*)
 *(.text.exit .text.exit.*)
 *(.text.startup .text.startup.*)
 *(.text.hot .text.hot.*)
 *(.text .stub .text.* .gnu.linkonce.t.*)
 .text          0x00000000c0001500      0x339 build/main.o
                0x00000000c0001500                main
                0x00000000c0001591                k_thread_a
                0x00000000c0001659                k_thread_b
                0x00000000c0001721                u_prog_a
                0x00000000c00017ad                u_prog_b
 .text          0x00000000c0001839       0x46 build/init.o
                0x00000000c0001839                init_all
 .text          0x00000000c000187f      0x494 build/interrupt.o
                0x00000000c0001c01                intr_enable
                0x00000000c0001c2a                intr_disable
                0x00000000c0001c53                intr_set_status
                0x00000000c0001c71                intr_get_status
                0x00000000c0001c95                register_handler
                0x00000000c0001cb1                idt_init
 .text          0x00000000c0001d13      0x209 build/timer.o
                0x00000000c0001e6a                mtime_sleep
                0x00000000c0001ebc                timer_init
 *fill*         0x00000000c0001f1c        0x4 
 .text          0x00000000c0001f20      0x55b build/kernel.o
                0x00000000c0001f20                intr_exit
                0x00000000c0002457                syscall_handler
 *fill*         0x00000000c000247b        0x5 
 .text          0x00000000c0002480      0x172 build/print.o
                0x00000000c0002480                put_str
                0x00000000c000249e                put_char
                0x00000000c000256b                put_int
                0x00000000c00025ce                set_cursor
 .text          0x00000000c00025f2       0xa5 build/debug.o
                0x00000000c00025f2                panic_spin
 .text          0x00000000c0002697     0x10f5 build/memory.o
                0x00000000c00026be                sys_malloc
                0x00000000c00029e7                sys_free
                0x00000000c0002be8                block_desc_init
                0x00000000c0002e4d                pte_ptr
                0x00000000c0002e7d                pde_ptr
                0x00000000c0002ef4                pfree
                0x00000000c00030be                malloc_page
                0x00000000c0003188                mfree_page
                0x00000000c000332d                get_kernel_pages
                0x00000000c0003389                get_user_pages
                0x00000000c00033e5                get_a_page
                0x00000000c000355d                addr_v2p
                0x00000000c000374b                mem_init
 .text          0x00000000c000378c      0x266 build/bitmap.o
                0x00000000c000378c                bitmap_init
                0x00000000c00037b3                bitmap_scan_test
                0x00000000c00037f3                bitmap_scan
                0x00000000c0003937                bitmap_set
 .text          0x00000000c00039f2      0x449 build/string.o
                0x00000000c00039f2                memset
                0x00000000c0003a4e                memcpy
                0x00000000c0003aba                memcmp
                0x00000000c0003b4a                strcpy
                0x00000000c0003bac                strlen
                0x00000000c0003c02                strcmp
                0x00000000c0003c89                strchr
                0x00000000c0003cee                strrchr
                0x00000000c0003d57                strcat
                0x00000000c0003dce                strchrs
 .text          0x00000000c0003e3b      0x6e1 build/thread.o
                0x00000000c0003e3b                running_thread
                0x00000000c0003eb5                thread_create
                0x00000000c0003f2b                init_thread
                0x00000000c000401b                thread_start
                0x00000000c0004196                schedule
                0x00000000c00042b2                thread_block
                0x00000000c0004319                thread_unblock
                0x00000000c0004424                thread_yield
                0x00000000c00044aa                thread_init
 .text          0x00000000c000451c      0x1e3 build/list.o
                0x00000000c000451c                list_init
                0x00000000c0004549                list_insert_before
                0x00000000c000458a                list_push
                0x00000000c00045a7                list_append
                0x00000000c00045c4                list_remove
                0x00000000c00045fa                list_pop
                0x00000000c0004619                elem_find
                0x00000000c0004654                list_traversal
                0x00000000c00046b1                list_len
                0x00000000c00046e6                list_empty
 *fill*         0x00000000c00046ff        0x1 
 .text          0x00000000c0004700       0x15 build/switch.o
                0x00000000c0004700                switch_to
 .text          0x00000000c0004715       0x9a build/console.o
                0x00000000c0004715                console_init
                0x00000000c0004729                console_acquire
                0x00000000c000473d                console_release
                0x00000000c0004751                console_put_str
                0x00000000c000476e                console_put_char
                0x00000000c0004792                console_put_int
 .text          0x00000000c00047af      0x318 build/sync.o
                0x00000000c00047af                sema_init
                0x00000000c00047d4                lock_init
                0x00000000c0004805                sema_down
                0x00000000c0004919                sema_up
                0x00000000c00049cf                lock_acquire
                0x00000000c0004a4b                lock_release
 .text          0x00000000c0004ac7      0x2bc build/keyboard.o
                0x00000000c0004d43                keyboard_init
 .text          0x00000000c0004d83      0x2f4 build/ioqueue.o
                0x00000000c0004d83                ioqueue_init
                0x00000000c0004dde                ioq_full
                0x00000000c0004e34                ioq_empty
                0x00000000c0004f1b                ioq_getchar
                0x00000000c0004fc8                ioq_putchar
 .text          0x00000000c0005077      0x1af build/tss.o
                0x00000000c0005077                update_tss_esp
                0x00000000c00050f8                tss_init
 .text          0x00000000c0005226      0x365 build/process.o
                0x00000000c0005226                process_execute
                0x00000000c0005350                start_process
                0x00000000c0005456                process_activate
                0x00000000c00054a8                page_dir_activate
                0x00000000c00054d8                create_page_dir
                0x00000000c0005549                create_user_vaddr_bitmap
 .text          0x00000000c000558b       0x6f build/syscall.o
                0x00000000c000558b                getpid
                0x00000000c00055a0                write
                0x00000000c00055bf                malloc
                0x00000000c00055de                free
 .text          0x00000000c00055fa       0x78 build/syscall-init.o
                0x00000000c00055fa                sys_getpid
                0x00000000c000560c                sys_write
                0x00000000c000562a                syscall_init
 .text          0x00000000c0005672      0x29f build/stdio.o
                0x00000000c00056f9                vsprintf
                0x00000000c000587b                printf
                0x00000000c00058dd                sprintf
 .text          0x00000000c0005911      0xe04 build/ide.o
                0x00000000c0005c2b                ide_read
                0x00000000c0005db9                ide_write
                0x00000000c000644b                intr_hd_handler
                0x00000000c000650c                ide_init
 .text          0x00000000c0006715       0x62 build/stdio-kernel.o
                0x00000000c0006715                printk
 .text          0x00000000c0006777      0x8ec build/fs.o
                0x00000000c0006e96                filesys_init
 .text          0x00000000c0007063      0x439 build/inode.o
                0x00000000c0007107                inode_sync
                0x00000000c000727b                inode_open
                0x00000000c00073d6                inode_close
                0x00000000c0007447                inode_init
 .text          0x00000000c000749c      0x1f4 build/file.o
                0x00000000c000749c                get_free_slot_in_global
                0x00000000c00074ec                pcb_fd_install
                0x00000000c0007555                inode_bitmap_alloc
                0x00000000c00075a3                block_bitmap_alloc
                0x00000000c00075fc                bitmap_sync
 *(.gnu.warning)

.fini
 *(SORT(.fini))
                [!provide]                        PROVIDE (__etext, .)
                [!provide]                        PROVIDE (_etext, .)
                [!provide]                        PROVIDE (etext, .)

.rodata         0x00000000c0007690     0x13b8
 *(.rodata .rodata.* .gnu.linkonce.r.*)
 .rodata        0x00000000c0007690       0xec build/main.o
 .rodata        0x00000000c000777c        0xa build/init.o
 *fill*         0x00000000c0007786        0x2 
 .rodata        0x00000000c0007788      0x2dc build/interrupt.o
 .rodata        0x00000000c0007a64       0x87 build/timer.o
 .rodata        0x00000000c0007aeb       0x3f build/debug.o
 *fill*         0x00000000c0007b2a        0x2 
 .rodata        0x00000000c0007b2c      0x38d build/memory.o
 *fill*         0x00000000c0007eb9        0x3 
 .rodata        0x00000000c0007ebc       0x68 build/bitmap.o
 .rodata        0x00000000c0007f24       0xb9 build/string.o
 *fill*         0x00000000c0007fdd        0x3 
 .rodata        0x00000000c0007fe0      0x2b0 build/thread.o
 .rodata        0x00000000c0008290      0x112 build/sync.o
 .rodata        0x00000000c00083a2       0x36 build/keyboard.o
 .rodata        0x00000000c00083d8       0x9d build/ioqueue.o
 .rodata        0x00000000c0008475       0x27 build/tss.o
 .rodata        0x00000000c000849c       0xda build/process.o
 .rodata        0x00000000c0008576       0x27 build/syscall-init.o
 *fill*         0x00000000c000859d        0x3 
 .rodata        0x00000000c00085a0      0x1ef build/ide.o
 *fill*         0x00000000c000878f        0x1 
 .rodata        0x00000000c0008790      0x213 build/fs.o
 *fill*         0x00000000c00089a3        0x1 
 .rodata        0x00000000c00089a4       0x69 build/inode.o
 *fill*         0x00000000c0008a0d        0x3 
 .rodata        0x00000000c0008a10       0x38 build/file.o

.rodata1
 *(.rodata1)

.eh_frame_hdr
 *(.eh_frame_hdr)
 *(.eh_frame_entry .eh_frame_entry.*)

.eh_frame       0x00000000c0008a48     0x1444
 *(.eh_frame)
 .eh_frame      0x00000000c0008a48       0xa4 build/main.o
 .eh_frame      0x00000000c0008aec       0x20 build/init.o
                                         0x38 (size before relaxing)
 .eh_frame      0x00000000c0008b0c      0x188 build/interrupt.o
                                        0x1a0 (size before relaxing)
 .eh_frame      0x00000000c0008c94       0xcc build/timer.o
                                         0xe4 (size before relaxing)
 .eh_frame      0x00000000c0008d60       0x1c build/debug.o
                                         0x34 (size before relaxing)
 .eh_frame      0x00000000c0008d7c      0x2a0 build/memory.o
                                        0x2b8 (size before relaxing)
 .eh_frame      0x00000000c000901c       0x8c build/bitmap.o
                                         0xa4 (size before relaxing)
 .eh_frame      0x00000000c00090a8      0x140 build/string.o
                                        0x158 (size before relaxing)
 .eh_frame      0x00000000c00091e8      0x19c build/thread.o
                                        0x1b4 (size before relaxing)
 .eh_frame      0x00000000c0009384      0x140 build/list.o
                                        0x158 (size before relaxing)
 .eh_frame      0x00000000c00094c4       0xc0 build/console.o
                                         0xd8 (size before relaxing)
 .eh_frame      0x00000000c0009584       0xc8 build/sync.o
                                         0xe0 (size before relaxing)
 .eh_frame      0x00000000c000964c       0x60 build/keyboard.o
                                         0x78 (size before relaxing)
 .eh_frame      0x00000000c00096ac      0x104 build/ioqueue.o
                                        0x11c (size before relaxing)
 .eh_frame      0x00000000c00097b0       0x64 build/tss.o
                                         0x7c (size before relaxing)
 .eh_frame      0x00000000c0009814       0xc0 build/process.o
                                         0xd8 (size before relaxing)
 .eh_frame      0x00000000c00098d4       0x8c build/syscall.o
                                         0xa4 (size before relaxing)
 .eh_frame      0x00000000c0009960       0x60 build/syscall-init.o
                                         0x78 (size before relaxing)
 .eh_frame      0x00000000c00099c0       0x94 build/stdio.o
                                         0xac (size before relaxing)
 .eh_frame      0x00000000c0009a54      0x258 build/ide.o
                                        0x270 (size before relaxing)
 .eh_frame      0x00000000c0009cac       0x28 build/stdio-kernel.o
                                         0x40 (size before relaxing)
 .eh_frame      0x00000000c0009cd4       0x78 build/fs.o
                                         0x90 (size before relaxing)
 .eh_frame      0x00000000c0009d4c       0xa0 build/inode.o
                                         0xb8 (size before relaxing)
 .eh_frame      0x00000000c0009dec       0xa0 build/file.o
                                         0xb8 (size before relaxing)
 *(.eh_frame.*)

.gcc_except_table
 *(.gcc_except_table .gcc_except_table.*)

.gnu_extab
 *(.gnu_extab*)

.exception_ranges
 *(.exception_ranges .exception_ranges*)
                0x00000000c000b000                . = DATA_SEGMENT_ALIGN (0x1000, 0x1000)

.eh_frame
 *(.eh_frame)
 *(.eh_frame.*)

.gnu_extab
 *(.gnu_extab)

.gcc_except_table
 *(.gcc_except_table .gcc_except_table.*)

.exception_ranges
 *(.exception_ranges .exception_ranges*)

.tdata
 *(.tdata .tdata.* .gnu.linkonce.td.*)

.tbss
 *(.tbss .tbss.* .gnu.linkonce.tb.*)
 *(.tcommon)

.preinit_array  0x00000000c000b000        0x0
                [!provide]                        PROVIDE (__preinit_array_start, .)
 *(.preinit_array)
                [!provide]                        PROVIDE (__preinit_array_end, .)

.init_array     0x00000000c000b000        0x0
                [!provide]                        PROVIDE (__init_array_start, .)
 *(SORT(.init_array.*) SORT(.ctors.*))
 *(.init_array EXCLUDE_FILE(*crtend?.o *crtend.o *crtbegin?.o *crtbegin.o) .ctors)
                [!provide]                        PROVIDE (__init_array_end, .)

.fini_array     0x00000000c000b000        0x0
                [!provide]                        PROVIDE (__fini_array_start, .)
 *(SORT(.fini_array.*) SORT(.dtors.*))
 *(.fini_array EXCLUDE_FILE(*crtend?.o *crtend.o *crtbegin?.o *crtbegin.o) .dtors)
                [!provide]                        PROVIDE (__fini_array_end, .)

.ctors
 *crtbegin.o(.ctors)
 *crtbegin?.o(.ctors)
 *(EXCLUDE_FILE(*crtend?.o *crtend.o) .ctors)
 *(SORT(.ctors.*))
 *(.ctors)

.dtors
 *crtbegin.o(.dtors)
 *crtbegin?.o(.dtors)
 *(EXCLUDE_FILE(*crtend?.o *crtend.o) .dtors)
 *(SORT(.dtors.*))
 *(.dtors)

.jcr
 *(.jcr)

.data.rel.ro
 *(.data.rel.ro.local* .gnu.linkonce.d.rel.ro.local.*)
 *(.data.rel.ro .data.rel.ro.* .gnu.linkonce.d.rel.ro.*)

.dynamic
 *(.dynamic)

.got
 *(.got)
 *(.igot)
                0x00000000c000b000                . = DATA_SEGMENT_RELRO_END (., (SIZEOF (.got.plt) >= 0xc)?0xc:0x0)

.got.plt        0x00000000c000b000        0x0
 *(.got.plt)
 *(.igot.plt)

.data           0x00000000c000b000      0x156
 *(.data .data.* .gnu.linkonce.d.*)
 .data          0x00000000c000b000        0x0 build/main.o
 .data          0x00000000c000b000        0x0 build/init.o
 .data          0x00000000c000b000        0x0 build/interrupt.o
 .data          0x00000000c000b000        0x0 build/timer.o
 .data          0x00000000c000b000       0xc0 build/kernel.o
                0x00000000c000b000                intr_entry_table
 .data          0x00000000c000b0c0        0x8 build/print.o
 .data          0x00000000c000b0c8        0x0 build/debug.o
 .data          0x00000000c000b0c8        0x0 build/memory.o
 .data          0x00000000c000b0c8        0x0 build/bitmap.o
 .data          0x00000000c000b0c8        0x0 build/string.o
 .data          0x00000000c000b0c8        0x0 build/thread.o
 .data          0x00000000c000b0c8        0x0 build/list.o
 .data          0x00000000c000b0c8        0x0 build/console.o
 .data          0x00000000c000b0c8        0x0 build/sync.o
 *fill*         0x00000000c000b0c8       0x18 
 .data          0x00000000c000b0e0       0x76 build/keyboard.o
 .data          0x00000000c000b156        0x0 build/ioqueue.o
 .data          0x00000000c000b156        0x0 build/tss.o
 .data          0x00000000c000b156        0x0 build/process.o
 .data          0x00000000c000b156        0x0 build/syscall.o
 .data          0x00000000c000b156        0x0 build/syscall-init.o
 .data          0x00000000c000b156        0x0 build/stdio.o
 .data          0x00000000c000b156        0x0 build/ide.o
 .data          0x00000000c000b156        0x0 build/stdio-kernel.o
 .data          0x00000000c000b156        0x0 build/fs.o
 .data          0x00000000c000b156        0x0 build/inode.o
 .data          0x00000000c000b156        0x0 build/file.o

.data1
 *(.data1)
                0x00000000c000b156                _edata = .
                [!provide]                        PROVIDE (edata, .)
                0x00000000c000b156                . = .
                0x00000000c000b156                __bss_start = .

.bss            0x00000000c000b160     0x1a00
 *(.dynbss)
 *(.bss .bss.* .gnu.linkonce.b.*)
 .bss           0x00000000c000b160        0x0 build/main.o
 .bss           0x00000000c000b160        0x0 build/init.o
 .bss           0x00000000c000b160      0x408 build/interrupt.o
 .bss           0x00000000c000b568        0x0 build/timer.o
 .bss           0x00000000c000b568        0x0 build/debug.o
 .bss           0x00000000c000b568        0x0 build/memory.o
 .bss           0x00000000c000b568        0x0 build/bitmap.o
 .bss           0x00000000c000b568        0x0 build/string.o
 .bss           0x00000000c000b568        0x6 build/thread.o
 .bss           0x00000000c000b56e        0x0 build/list.o
 *fill*         0x00000000c000b56e        0x2 
 .bss           0x00000000c000b570       0x1c build/console.o
 .bss           0x00000000c000b58c        0x0 build/sync.o
 .bss           0x00000000c000b58c       0x14 build/keyboard.o
 .bss           0x00000000c000b5a0        0x0 build/ioqueue.o
 .bss           0x00000000c000b5a0       0x6c build/tss.o
 .bss           0x00000000c000b60c        0x0 build/process.o
 .bss           0x00000000c000b60c        0x0 build/syscall.o
 .bss           0x00000000c000b60c        0x0 build/syscall-init.o
 .bss           0x00000000c000b60c        0x0 build/stdio.o
 .bss           0x00000000c000b60c        0x6 build/ide.o
                0x00000000c000b60c                ext_lba_base
                0x00000000c000b610                p_no
                0x00000000c000b611                l_no
 .bss           0x00000000c000b612        0x0 build/stdio-kernel.o
 .bss           0x00000000c000b612        0x0 build/fs.o
 .bss           0x00000000c000b612        0x0 build/inode.o
 .bss           0x00000000c000b612        0x0 build/file.o
 *(COMMON)
 *fill*         0x00000000c000b612        0xe 
 COMMON         0x00000000c000b620      0x424 build/interrupt.o
                0x00000000c000b620                intr_name
                0x00000000c000b840                idt_table
 COMMON         0x00000000c000ba44        0x4 build/timer.o
                0x00000000c000ba44                ticks
 *fill*         0x00000000c000ba48       0x18 
 COMMON         0x00000000c000ba60      0x12c build/memory.o
                0x00000000c000ba60                user_pool
                0x00000000c000baa0                k_block_descs
                0x00000000c000bb48                kernel_vaddr
                0x00000000c000bb60                kernel_pool
 COMMON         0x00000000c000bb8c       0x44 build/thread.o
                0x00000000c000bb8c                thread_ready_list
                0x00000000c000bb9c                thread_all_list
                0x00000000c000bbac                idle_thread
                0x00000000c000bbb0                main_thread
                0x00000000c000bbb4                pid_lock
 *fill*         0x00000000c000bbd0       0x10 
 COMMON         0x00000000c000bbe0       0x6c build/keyboard.o
                0x00000000c000bbe0                kbd_buf
 *fill*         0x00000000c000bc4c       0x14 
 COMMON         0x00000000c000bc60       0x80 build/syscall-init.o
                0x00000000c000bc60                syscall_table
 COMMON         0x00000000c000bce0      0xcf0 build/ide.o
                0x00000000c000bce0                channel_cnt
                0x00000000c000bd00                channels
                0x00000000c000c9c0                partition_list
 COMMON         0x00000000c000c9d0        0x4 build/fs.o
                0x00000000c000c9d0                cur_part
 *fill*         0x00000000c000c9d4        0xc 
 COMMON         0x00000000c000c9e0      0x180 build/file.o
                0x00000000c000c9e0                file_table
                0x00000000c000cb60                . = ALIGN ((. != 0x0)?0x4:0x1)
                0x00000000c000cb60                . = ALIGN (0x4)
                0x00000000c000cb60                . = SEGMENT_START ("ldata-segment", .)
                0x00000000c000cb60                . = ALIGN (0x4)
                0x00000000c000cb60                _end = .
                [!provide]                        PROVIDE (end, .)
                0x00000000c000cb60                . = DATA_SEGMENT_END (.)

.stab
 *(.stab)

.stabstr
 *(.stabstr)

.stab.excl
 *(.stab.excl)

.stab.exclstr
 *(.stab.exclstr)

.stab.index
 *(.stab.index)

.stab.indexstr
 *(.stab.indexstr)

.comment        0x0000000000000000       0x2d
 *(.comment)
 .comment       0x0000000000000000       0x2d build/main.o
                                         0x2e (size before relaxing)
 .comment       0x000000000000002d       0x2e build/init.o
 .comment       0x000000000000002d       0x2e build/interrupt.o
 .comment       0x000000000000002d       0x2e build/timer.o
 .comment       0x000000000000002d       0x2e build/debug.o
 .comment       0x000000000000002d       0x2e build/memory.o
 .comment       0x000000000000002d       0x2e build/bitmap.o
 .comment       0x000000000000002d       0x2e build/string.o
 .comment       0x000000000000002d       0x2e build/thread.o
 .comment       0x000000000000002d       0x2e build/list.o
 .comment       0x000000000000002d       0x2e build/console.o
 .comment       0x000000000000002d       0x2e build/sync.o
 .comment       0x000000000000002d       0x2e build/keyboard.o
 .comment       0x000000000000002d       0x2e build/ioqueue.o
 .comment       0x000000000000002d       0x2e build/tss.o
 .comment       0x000000000000002d       0x2e build/process.o
 .comment       0x000000000000002d       0x2e build/syscall.o
 .comment       0x000000000000002d       0x2e build/syscall-init.o
 .comment       0x000000000000002d       0x2e build/stdio.o
 .comment       0x000000000000002d       0x2e build/ide.o
 .comment       0x000000000000002d       0x2e build/stdio-kernel.o
 .comment       0x000000000000002d       0x2e build/fs.o
 .comment       0x000000000000002d       0x2e build/inode.o
 .comment       0x000000000000002d       0x2e build/file.o

.debug
 *(.debug)

.line
 *(.line)

.debug_srcinfo
 *(.debug_srcinfo)

.debug_sfnames
 *(.debug_sfnames)

.debug_aranges
 *(.debug_aranges)

.debug_pubnames
 *(.debug_pubnames)

.debug_info
 *(.debug_info .gnu.linkonce.wi.*)

.debug_abbrev
 *(.debug_abbrev)

.debug_line
 *(.debug_line .debug_line.* .debug_line_end)

.debug_frame
 *(.debug_frame)

.debug_str
 *(.debug_str)

.debug_loc
 *(.debug_loc)

.debug_macinfo
 *(.debug_macinfo)

.debug_weaknames
 *(.debug_weaknames)

.debug_funcnames
 *(.debug_funcnames)

.debug_typenames
 *(.debug_typenames)

.debug_varnames
 *(.debug_varnames)

.debug_pubtypes
 *(.debug_pubtypes)

.debug_ranges
 *(.debug_ranges)

.debug_macro
 *(.debug_macro)

.gnu.attributes
 *(.gnu.attributes)

/DISCARD/
 *(.note.GNU-stack)
 *(.gnu_debuglink)
 *(.gnu.lto_*)
OUTPUT(build/kernel.bin elf32-i386)
