
Allocating common symbols
Common symbol       size              file

kbd_buf             0x6c              build/keyboard.o
root_dir            0x208             build/dir.o
thread_ready_list   0x10              build/thread.o
thread_all_list     0x10              build/thread.o
user_pool           0x2c              build/memory.o
channel_cnt         0x1               build/ide.o
cur_part            0x4               build/fs.o
k_block_descs       0xa8              build/memory.o
idle_thread         0x4               build/thread.o
intr_name           0x204             build/interrupt.o
main_thread         0x4               build/thread.o
channels            0xcc0             build/ide.o
ticks               0x4               build/timer.o
kernel_vaddr        0xc               build/memory.o
syscall_table       0x80              build/syscall-init.o
idt_table           0x204             build/interrupt.o
file_table          0x180             build/file.o
partition_list      0x10              build/ide.o
kernel_pool         0x2c              build/memory.o
pid_lock            0x1c              build/thread.o

Discarded input sections

 .note.GNU-stack
                0x0000000000000000        0x0 build/main.o
 .note.GNU-stack
                0x0000000000000000        0x0 build/init.o
 .note.GNU-stack
                0x0000000000000000        0x0 build/interrupt.o
 .note.GNU-stack
                0x0000000000000000        0x0 build/timer.o
 .note.GNU-stack
                0x0000000000000000        0x0 build/debug.o
 .note.GNU-stack
                0x0000000000000000        0x0 build/memory.o
 .note.GNU-stack
                0x0000000000000000        0x0 build/bitmap.o
 .note.GNU-stack
                0x0000000000000000        0x0 build/string.o
 .note.GNU-stack
                0x0000000000000000        0x0 build/thread.o
 .note.GNU-stack
                0x0000000000000000        0x0 build/list.o
 .note.GNU-stack
                0x0000000000000000        0x0 build/console.o
 .note.GNU-stack
                0x0000000000000000        0x0 build/sync.o
 .note.GNU-stack
                0x0000000000000000        0x0 build/keyboard.o
 .note.GNU-stack
                0x0000000000000000        0x0 build/ioqueue.o
 .note.GNU-stack
                0x0000000000000000        0x0 build/tss.o
 .note.GNU-stack
                0x0000000000000000        0x0 build/process.o
 .note.GNU-stack
                0x0000000000000000        0x0 build/syscall.o
 .note.GNU-stack
                0x0000000000000000        0x0 build/syscall-init.o
 .note.GNU-stack
                0x0000000000000000        0x0 build/stdio.o
 .note.GNU-stack
                0x0000000000000000        0x0 build/ide.o
 .note.GNU-stack
                0x0000000000000000        0x0 build/stdio-kernel.o
 .note.GNU-stack
                0x0000000000000000        0x0 build/fs.o
 .note.GNU-stack
                0x0000000000000000        0x0 build/inode.o
 .note.GNU-stack
                0x0000000000000000        0x0 build/file.o
 .note.GNU-stack
                0x0000000000000000        0x0 build/dir.o

Memory Configuration

Name             Origin             Length             Attributes
*default*        0x0000000000000000 0xffffffffffffffff

Linker script and memory map

Address of section .text set to 0xc0001500
LOAD build/main.o
LOAD build/init.o
LOAD build/interrupt.o
LOAD build/timer.o
LOAD build/kernel.o
LOAD build/print.o
LOAD build/debug.o
LOAD build/memory.o
LOAD build/bitmap.o
LOAD build/string.o
LOAD build/thread.o
LOAD build/list.o
LOAD build/switch.o
LOAD build/console.o
LOAD build/sync.o
LOAD build/keyboard.o
LOAD build/ioqueue.o
LOAD build/tss.o
LOAD build/process.o
LOAD build/syscall.o
LOAD build/syscall-init.o
LOAD build/stdio.o
LOAD build/ide.o
LOAD build/stdio-kernel.o
LOAD build/fs.o
LOAD build/inode.o
LOAD build/file.o
LOAD build/dir.o
                [!provide]                        PROVIDE (__executable_start, 0x8048000)
                0x0000000008048094                . = (0x8048000 + SIZEOF_HEADERS)

.interp
 *(.interp)

.note.gnu.build-id
 *(.note.gnu.build-id)

.hash
 *(.hash)

.gnu.hash
 *(.gnu.hash)

.dynsym
 *(.dynsym)

.dynstr
 *(.dynstr)

.gnu.version
 *(.gnu.version)

.gnu.version_d
 *(.gnu.version_d)

.gnu.version_r
 *(.gnu.version_r)

.rel.dyn        0x0000000008048094        0x0
 *(.rel.init)
 *(.rel.text .rel.text.* .rel.gnu.linkonce.t.*)
 .rel.text      0x0000000008048094        0x0 build/main.o
 *(.rel.fini)
 *(.rel.rodata .rel.rodata.* .rel.gnu.linkonce.r.*)
 *(.rel.data.rel.ro .rel.data.rel.ro.* .rel.gnu.linkonce.d.rel.ro.*)
 *(.rel.data .rel.data.* .rel.gnu.linkonce.d.*)
 *(.rel.tdata .rel.tdata.* .rel.gnu.linkonce.td.*)
 *(.rel.tbss .rel.tbss.* .rel.gnu.linkonce.tb.*)
 *(.rel.ctors)
 *(.rel.dtors)
 *(.rel.got)
 *(.rel.bss .rel.bss.* .rel.gnu.linkonce.b.*)
 *(.rel.ifunc)

.rel.plt        0x0000000008048094        0x0
 *(.rel.plt)
                [!provide]                        PROVIDE (__rel_iplt_start, .)
 *(.rel.iplt)
                [!provide]                        PROVIDE (__rel_iplt_end, .)

.init
 *(SORT(.init))

.plt
 *(.plt)
 *(.iplt)

.plt.got
 *(.plt.got)

.text           0x00000000c0001500     0x71c8
 *(.text.unlikely .text.*_unlikely .text.unlikely.*)
 *(.text.exit .text.exit.*)
 *(.text.startup .text.startup.*)
 *(.text.hot .text.hot.*)
 *(.text .stub .text.* .gnu.linkonce.t.*)
 .text          0x00000000c0001500      0x34d build/main.o
                0x00000000c0001500                main
                0x00000000c00015a5                k_thread_a
                0x00000000c000166d                k_thread_b
                0x00000000c0001735                u_prog_a
                0x00000000c00017c1                u_prog_b
 .text          0x00000000c000184d       0x46 build/init.o
                0x00000000c000184d                init_all
 .text          0x00000000c0001893      0x494 build/interrupt.o
                0x00000000c0001c15                intr_enable
                0x00000000c0001c3e                intr_disable
                0x00000000c0001c67                intr_set_status
                0x00000000c0001c85                intr_get_status
                0x00000000c0001ca9                register_handler
                0x00000000c0001cc5                idt_init
 .text          0x00000000c0001d27      0x209 build/timer.o
                0x00000000c0001e7e                mtime_sleep
                0x00000000c0001ed0                timer_init
 .text          0x00000000c0001f30      0x55b build/kernel.o
                0x00000000c0001f30                intr_exit
                0x00000000c0002467                syscall_handler
 *fill*         0x00000000c000248b        0x5 
 .text          0x00000000c0002490      0x172 build/print.o
                0x00000000c0002490                put_str
                0x00000000c00024ae                put_char
                0x00000000c000257b                put_int
                0x00000000c00025de                set_cursor
 .text          0x00000000c0002602       0xa5 build/debug.o
                0x00000000c0002602                panic_spin
 .text          0x00000000c00026a7     0x10f5 build/memory.o
                0x00000000c00026ce                sys_malloc
                0x00000000c00029f7                sys_free
                0x00000000c0002bf8                block_desc_init
                0x00000000c0002e5d                pte_ptr
                0x00000000c0002e8d                pde_ptr
                0x00000000c0002f04                pfree
                0x00000000c00030ce                malloc_page
                0x00000000c0003198                mfree_page
                0x00000000c000333d                get_kernel_pages
                0x00000000c0003399                get_user_pages
                0x00000000c00033f5                get_a_page
                0x00000000c000356d                addr_v2p
                0x00000000c000375b                mem_init
 .text          0x00000000c000379c      0x266 build/bitmap.o
                0x00000000c000379c                bitmap_init
                0x00000000c00037c3                bitmap_scan_test
                0x00000000c0003803                bitmap_scan
                0x00000000c0003947                bitmap_set
 .text          0x00000000c0003a02      0x449 build/string.o
                0x00000000c0003a02                memset
                0x00000000c0003a5e                memcpy
                0x00000000c0003aca                memcmp
                0x00000000c0003b5a                strcpy
                0x00000000c0003bbc                strlen
                0x00000000c0003c12                strcmp
                0x00000000c0003c99                strchr
                0x00000000c0003cfe                strrchr
                0x00000000c0003d67                strcat
                0x00000000c0003dde                strchrs
 .text          0x00000000c0003e4b      0x6e1 build/thread.o
                0x00000000c0003e4b                running_thread
                0x00000000c0003ec5                thread_create
                0x00000000c0003f3b                init_thread
                0x00000000c000402b                thread_start
                0x00000000c00041a6                schedule
                0x00000000c00042c2                thread_block
                0x00000000c0004329                thread_unblock
                0x00000000c0004434                thread_yield
                0x00000000c00044ba                thread_init
 .text          0x00000000c000452c      0x1e3 build/list.o
                0x00000000c000452c                list_init
                0x00000000c0004559                list_insert_before
                0x00000000c000459a                list_push
                0x00000000c00045b7                list_append
                0x00000000c00045d4                list_remove
                0x00000000c000460a                list_pop
                0x00000000c0004629                elem_find
                0x00000000c0004664                list_traversal
                0x00000000c00046c1                list_len
                0x00000000c00046f6                list_empty
 *fill*         0x00000000c000470f        0x1 
 .text          0x00000000c0004710       0x15 build/switch.o
                0x00000000c0004710                switch_to
 .text          0x00000000c0004725       0x9a build/console.o
                0x00000000c0004725                console_init
                0x00000000c0004739                console_acquire
                0x00000000c000474d                console_release
                0x00000000c0004761                console_put_str
                0x00000000c000477e                console_put_char
                0x00000000c00047a2                console_put_int
 .text          0x00000000c00047bf      0x318 build/sync.o
                0x00000000c00047bf                sema_init
                0x00000000c00047e4                lock_init
                0x00000000c0004815                sema_down
                0x00000000c0004929                sema_up
                0x00000000c00049df                lock_acquire
                0x00000000c0004a5b                lock_release
 .text          0x00000000c0004ad7      0x2bc build/keyboard.o
                0x00000000c0004d53                keyboard_init
 .text          0x00000000c0004d93      0x2f4 build/ioqueue.o
                0x00000000c0004d93                ioqueue_init
                0x00000000c0004dee                ioq_full
                0x00000000c0004e44                ioq_empty
                0x00000000c0004f2b                ioq_getchar
                0x00000000c0004fd8                ioq_putchar
 .text          0x00000000c0005087      0x1af build/tss.o
                0x00000000c0005087                update_tss_esp
                0x00000000c0005108                tss_init
 .text          0x00000000c0005236      0x365 build/process.o
                0x00000000c0005236                process_execute
                0x00000000c0005360                start_process
                0x00000000c0005466                process_activate
                0x00000000c00054b8                page_dir_activate
                0x00000000c00054e8                create_page_dir
                0x00000000c0005559                create_user_vaddr_bitmap
 .text          0x00000000c000559b       0x6f build/syscall.o
                0x00000000c000559b                getpid
                0x00000000c00055b0                write
                0x00000000c00055cf                malloc
                0x00000000c00055ee                free
 .text          0x00000000c000560a       0x78 build/syscall-init.o
                0x00000000c000560a                sys_getpid
                0x00000000c000561c                sys_write
                0x00000000c000563a                syscall_init
 .text          0x00000000c0005682      0x29f build/stdio.o
                0x00000000c0005709                vsprintf
                0x00000000c000588b                printf
                0x00000000c00058ed                sprintf
 .text          0x00000000c0005921      0xe04 build/ide.o
                0x00000000c0005c3b                ide_read
                0x00000000c0005dc9                ide_write
                0x00000000c000645b                intr_hd_handler
                0x00000000c000651c                ide_init
 .text          0x00000000c0006725       0x62 build/stdio-kernel.o
                0x00000000c0006725                printk
 .text          0x00000000c0006787      0xece build/fs.o
                0x00000000c0006ee8                path_depth_cnt
                0x00000000c0007212                sys_open
                0x00000000c000744f                filesys_init
 .text          0x00000000c0007655      0x439 build/inode.o
                0x00000000c00076f9                inode_sync
                0x00000000c000786d                inode_open
                0x00000000c00079c8                inode_close
                0x00000000c0007a39                inode_init
 .text          0x00000000c0007a8e      0x4c9 build/file.o
                0x00000000c0007a8e                get_free_slot_in_global
                0x00000000c0007ade                pcb_fd_install
                0x00000000c0007b47                inode_bitmap_alloc
                0x00000000c0007b95                block_bitmap_alloc
                0x00000000c0007bee                bitmap_sync
                0x00000000c0007c82                file_create
 .text          0x00000000c0007f57      0x771 build/dir.o
                0x00000000c0007f57                open_root_dir
                0x00000000c0007f86                dir_open
                0x00000000c0007fc1                search_dir_entry
                0x00000000c00081a3                dir_close
                0x00000000c00081ce                create_dir_entry
                0x00000000c0008244                sync_dir_entry
 *(.gnu.warning)

.fini
 *(SORT(.fini))
                [!provide]                        PROVIDE (__etext, .)
                [!provide]                        PROVIDE (_etext, .)
                [!provide]                        PROVIDE (etext, .)

.rodata         0x00000000c00086c8     0x16d1
 *(.rodata .rodata.* .gnu.linkonce.r.*)
 .rodata        0x00000000c00086c8       0xf0 build/main.o
 .rodata        0x00000000c00087b8        0xa build/init.o
 *fill*         0x00000000c00087c2        0x2 
 .rodata        0x00000000c00087c4      0x2dc build/interrupt.o
 .rodata        0x00000000c0008aa0       0x87 build/timer.o
 .rodata        0x00000000c0008b27       0x3f build/debug.o
 *fill*         0x00000000c0008b66        0x2 
 .rodata        0x00000000c0008b68      0x38d build/memory.o
 *fill*         0x00000000c0008ef5        0x3 
 .rodata        0x00000000c0008ef8       0x68 build/bitmap.o
 .rodata        0x00000000c0008f60       0xb9 build/string.o
 *fill*         0x00000000c0009019        0x3 
 .rodata        0x00000000c000901c      0x2b0 build/thread.o
 .rodata        0x00000000c00092cc      0x112 build/sync.o
 .rodata        0x00000000c00093de       0x36 build/keyboard.o
 .rodata        0x00000000c0009414       0x9d build/ioqueue.o
 .rodata        0x00000000c00094b1       0x27 build/tss.o
 .rodata        0x00000000c00094d8       0xda build/process.o
 .rodata        0x00000000c00095b2       0x27 build/syscall-init.o
 *fill*         0x00000000c00095d9        0x3 
 .rodata        0x00000000c00095dc      0x1ef build/ide.o
 *fill*         0x00000000c00097cb        0x1 
 .rodata        0x00000000c00097cc      0x385 build/fs.o
 *fill*         0x00000000c0009b51        0x3 
 .rodata        0x00000000c0009b54       0x6b build/inode.o
 *fill*         0x00000000c0009bbf        0x1 
 .rodata        0x00000000c0009bc0       0xdb build/file.o
 *fill*         0x00000000c0009c9b        0x1 
 .rodata        0x00000000c0009c9c       0xfd build/dir.o

.rodata1
 *(.rodata1)

.eh_frame_hdr
 *(.eh_frame_hdr)
 *(.eh_frame_entry .eh_frame_entry.*)

.eh_frame       0x00000000c0009d9c     0x15b8
 *(.eh_frame)
 .eh_frame      0x00000000c0009d9c       0xa4 build/main.o
 .eh_frame      0x00000000c0009e40       0x20 build/init.o
                                         0x38 (size before relaxing)
 .eh_frame      0x00000000c0009e60      0x188 build/interrupt.o
                                        0x1a0 (size before relaxing)
 .eh_frame      0x00000000c0009fe8       0xcc build/timer.o
                                         0xe4 (size before relaxing)
 .eh_frame      0x00000000c000a0b4       0x1c build/debug.o
                                         0x34 (size before relaxing)
 .eh_frame      0x00000000c000a0d0      0x2a0 build/memory.o
                                        0x2b8 (size before relaxing)
 .eh_frame      0x00000000c000a370       0x8c build/bitmap.o
                                         0xa4 (size before relaxing)
 .eh_frame      0x00000000c000a3fc      0x140 build/string.o
                                        0x158 (size before relaxing)
 .eh_frame      0x00000000c000a53c      0x19c build/thread.o
                                        0x1b4 (size before relaxing)
 .eh_frame      0x00000000c000a6d8      0x140 build/list.o
                                        0x158 (size before relaxing)
 .eh_frame      0x00000000c000a818       0xc0 build/console.o
                                         0xd8 (size before relaxing)
 .eh_frame      0x00000000c000a8d8       0xc8 build/sync.o
                                         0xe0 (size before relaxing)
 .eh_frame      0x00000000c000a9a0       0x60 build/keyboard.o
                                         0x78 (size before relaxing)
 .eh_frame      0x00000000c000aa00      0x104 build/ioqueue.o
                                        0x11c (size before relaxing)
 .eh_frame      0x00000000c000ab04       0x64 build/tss.o
                                         0x7c (size before relaxing)
 .eh_frame      0x00000000c000ab68       0xc0 build/process.o
                                         0xd8 (size before relaxing)
 .eh_frame      0x00000000c000ac28       0x8c build/syscall.o
                                         0xa4 (size before relaxing)
 .eh_frame      0x00000000c000acb4       0x60 build/syscall-init.o
                                         0x78 (size before relaxing)
 .eh_frame      0x00000000c000ad14       0x94 build/stdio.o
                                         0xac (size before relaxing)
 .eh_frame      0x00000000c000ada8      0x258 build/ide.o
                                        0x270 (size before relaxing)
 .eh_frame      0x00000000c000b000       0x28 build/stdio-kernel.o
                                         0x40 (size before relaxing)
 .eh_frame      0x00000000c000b028      0x100 build/fs.o
                                        0x118 (size before relaxing)
 .eh_frame      0x00000000c000b128       0xa0 build/inode.o
                                         0xb8 (size before relaxing)
 .eh_frame      0x00000000c000b1c8       0xc0 build/file.o
                                         0xd8 (size before relaxing)
 .eh_frame      0x00000000c000b288       0xcc build/dir.o
                                         0xe4 (size before relaxing)
 *(.eh_frame.*)

.gcc_except_table
 *(.gcc_except_table .gcc_except_table.*)

.gnu_extab
 *(.gnu_extab*)

.exception_ranges
 *(.exception_ranges .exception_ranges*)
                0x00000000c000d000                . = DATA_SEGMENT_ALIGN (0x1000, 0x1000)

.eh_frame
 *(.eh_frame)
 *(.eh_frame.*)

.gnu_extab
 *(.gnu_extab)

.gcc_except_table
 *(.gcc_except_table .gcc_except_table.*)

.exception_ranges
 *(.exception_ranges .exception_ranges*)

.tdata
 *(.tdata .tdata.* .gnu.linkonce.td.*)

.tbss
 *(.tbss .tbss.* .gnu.linkonce.tb.*)
 *(.tcommon)

.preinit_array  0x00000000c000d000        0x0
                [!provide]                        PROVIDE (__preinit_array_start, .)
 *(.preinit_array)
                [!provide]                        PROVIDE (__preinit_array_end, .)

.init_array     0x00000000c000d000        0x0
                [!provide]                        PROVIDE (__init_array_start, .)
 *(SORT(.init_array.*) SORT(.ctors.*))
 *(.init_array EXCLUDE_FILE(*crtend?.o *crtend.o *crtbegin?.o *crtbegin.o) .ctors)
                [!provide]                        PROVIDE (__init_array_end, .)

.fini_array     0x00000000c000d000        0x0
                [!provide]                        PROVIDE (__fini_array_start, .)
 *(SORT(.fini_array.*) SORT(.dtors.*))
 *(.fini_array EXCLUDE_FILE(*crtend?.o *crtend.o *crtbegin?.o *crtbegin.o) .dtors)
                [!provide]                        PROVIDE (__fini_array_end, .)

.ctors
 *crtbegin.o(.ctors)
 *crtbegin?.o(.ctors)
 *(EXCLUDE_FILE(*crtend?.o *crtend.o) .ctors)
 *(SORT(.ctors.*))
 *(.ctors)

.dtors
 *crtbegin.o(.dtors)
 *crtbegin?.o(.dtors)
 *(EXCLUDE_FILE(*crtend?.o *crtend.o) .dtors)
 *(SORT(.dtors.*))
 *(.dtors)

.jcr
 *(.jcr)

.data.rel.ro
 *(.data.rel.ro.local* .gnu.linkonce.d.rel.ro.local.*)
 *(.data.rel.ro .data.rel.ro.* .gnu.linkonce.d.rel.ro.*)

.dynamic
 *(.dynamic)

.got
 *(.got)
 *(.igot)
                0x00000000c000d000                . = DATA_SEGMENT_RELRO_END (., (SIZEOF (.got.plt) >= 0xc)?0xc:0x0)

.got.plt        0x00000000c000d000        0x0
 *(.got.plt)
 *(.igot.plt)

.data           0x00000000c000d000      0x156
 *(.data .data.* .gnu.linkonce.d.*)
 .data          0x00000000c000d000        0x0 build/main.o
 .data          0x00000000c000d000        0x0 build/init.o
 .data          0x00000000c000d000        0x0 build/interrupt.o
 .data          0x00000000c000d000        0x0 build/timer.o
 .data          0x00000000c000d000       0xc0 build/kernel.o
                0x00000000c000d000                intr_entry_table
 .data          0x00000000c000d0c0        0x8 build/print.o
 .data          0x00000000c000d0c8        0x0 build/debug.o
 .data          0x00000000c000d0c8        0x0 build/memory.o
 .data          0x00000000c000d0c8        0x0 build/bitmap.o
 .data          0x00000000c000d0c8        0x0 build/string.o
 .data          0x00000000c000d0c8        0x0 build/thread.o
 .data          0x00000000c000d0c8        0x0 build/list.o
 .data          0x00000000c000d0c8        0x0 build/console.o
 .data          0x00000000c000d0c8        0x0 build/sync.o
 *fill*         0x00000000c000d0c8       0x18 
 .data          0x00000000c000d0e0       0x76 build/keyboard.o
 .data          0x00000000c000d156        0x0 build/ioqueue.o
 .data          0x00000000c000d156        0x0 build/tss.o
 .data          0x00000000c000d156        0x0 build/process.o
 .data          0x00000000c000d156        0x0 build/syscall.o
 .data          0x00000000c000d156        0x0 build/syscall-init.o
 .data          0x00000000c000d156        0x0 build/stdio.o
 .data          0x00000000c000d156        0x0 build/ide.o
 .data          0x00000000c000d156        0x0 build/stdio-kernel.o
 .data          0x00000000c000d156        0x0 build/fs.o
 .data          0x00000000c000d156        0x0 build/inode.o
 .data          0x00000000c000d156        0x0 build/file.o
 .data          0x00000000c000d156        0x0 build/dir.o

.data1
 *(.data1)
                0x00000000c000d156                _edata = .
                [!provide]                        PROVIDE (edata, .)
                0x00000000c000d156                . = .
                0x00000000c000d156                __bss_start = .

.bss            0x00000000c000d160     0x1c08
 *(.dynbss)
 *(.bss .bss.* .gnu.linkonce.b.*)
 .bss           0x00000000c000d160        0x0 build/main.o
 .bss           0x00000000c000d160        0x0 build/init.o
 .bss           0x00000000c000d160      0x408 build/interrupt.o
 .bss           0x00000000c000d568        0x0 build/timer.o
 .bss           0x00000000c000d568        0x0 build/debug.o
 .bss           0x00000000c000d568        0x0 build/memory.o
 .bss           0x00000000c000d568        0x0 build/bitmap.o
 .bss           0x00000000c000d568        0x0 build/string.o
 .bss           0x00000000c000d568        0x6 build/thread.o
 .bss           0x00000000c000d56e        0x0 build/list.o
 *fill*         0x00000000c000d56e        0x2 
 .bss           0x00000000c000d570       0x1c build/console.o
 .bss           0x00000000c000d58c        0x0 build/sync.o
 .bss           0x00000000c000d58c       0x14 build/keyboard.o
 .bss           0x00000000c000d5a0        0x0 build/ioqueue.o
 .bss           0x00000000c000d5a0       0x6c build/tss.o
 .bss           0x00000000c000d60c        0x0 build/process.o
 .bss           0x00000000c000d60c        0x0 build/syscall.o
 .bss           0x00000000c000d60c        0x0 build/syscall-init.o
 .bss           0x00000000c000d60c        0x0 build/stdio.o
 .bss           0x00000000c000d60c        0x6 build/ide.o
                0x00000000c000d60c                ext_lba_base
                0x00000000c000d610                p_no
                0x00000000c000d611                l_no
 .bss           0x00000000c000d612        0x0 build/stdio-kernel.o
 .bss           0x00000000c000d612        0x0 build/fs.o
 .bss           0x00000000c000d612        0x0 build/inode.o
 .bss           0x00000000c000d612        0x0 build/file.o
 .bss           0x00000000c000d612        0x0 build/dir.o
 *(COMMON)
 *fill*         0x00000000c000d612        0xe 
 COMMON         0x00000000c000d620      0x424 build/interrupt.o
                0x00000000c000d620                intr_name
                0x00000000c000d840                idt_table
 COMMON         0x00000000c000da44        0x4 build/timer.o
                0x00000000c000da44                ticks
 *fill*         0x00000000c000da48       0x18 
 COMMON         0x00000000c000da60      0x12c build/memory.o
                0x00000000c000da60                user_pool
                0x00000000c000daa0                k_block_descs
                0x00000000c000db48                kernel_vaddr
                0x00000000c000db60                kernel_pool
 COMMON         0x00000000c000db8c       0x44 build/thread.o
                0x00000000c000db8c                thread_ready_list
                0x00000000c000db9c                thread_all_list
                0x00000000c000dbac                idle_thread
                0x00000000c000dbb0                main_thread
                0x00000000c000dbb4                pid_lock
 *fill*         0x00000000c000dbd0       0x10 
 COMMON         0x00000000c000dbe0       0x6c build/keyboard.o
                0x00000000c000dbe0                kbd_buf
 *fill*         0x00000000c000dc4c       0x14 
 COMMON         0x00000000c000dc60       0x80 build/syscall-init.o
                0x00000000c000dc60                syscall_table
 COMMON         0x00000000c000dce0      0xcf0 build/ide.o
                0x00000000c000dce0                channel_cnt
                0x00000000c000dd00                channels
                0x00000000c000e9c0                partition_list
 COMMON         0x00000000c000e9d0        0x4 build/fs.o
                0x00000000c000e9d0                cur_part
 *fill*         0x00000000c000e9d4        0xc 
 COMMON         0x00000000c000e9e0      0x180 build/file.o
                0x00000000c000e9e0                file_table
 COMMON         0x00000000c000eb60      0x208 build/dir.o
                0x00000000c000eb60                root_dir
                0x00000000c000ed68                . = ALIGN ((. != 0x0)?0x4:0x1)
                0x00000000c000ed68                . = ALIGN (0x4)
                0x00000000c000ed68                . = SEGMENT_START ("ldata-segment", .)
                0x00000000c000ed68                . = ALIGN (0x4)
                0x00000000c000ed68                _end = .
                [!provide]                        PROVIDE (end, .)
                0x00000000c000ed68                . = DATA_SEGMENT_END (.)

.stab
 *(.stab)

.stabstr
 *(.stabstr)

.stab.excl
 *(.stab.excl)

.stab.exclstr
 *(.stab.exclstr)

.stab.index
 *(.stab.index)

.stab.indexstr
 *(.stab.indexstr)

.comment        0x0000000000000000       0x2d
 *(.comment)
 .comment       0x0000000000000000       0x2d build/main.o
                                         0x2e (size before relaxing)
 .comment       0x000000000000002d       0x2e build/init.o
 .comment       0x000000000000002d       0x2e build/interrupt.o
 .comment       0x000000000000002d       0x2e build/timer.o
 .comment       0x000000000000002d       0x2e build/debug.o
 .comment       0x000000000000002d       0x2e build/memory.o
 .comment       0x000000000000002d       0x2e build/bitmap.o
 .comment       0x000000000000002d       0x2e build/string.o
 .comment       0x000000000000002d       0x2e build/thread.o
 .comment       0x000000000000002d       0x2e build/list.o
 .comment       0x000000000000002d       0x2e build/console.o
 .comment       0x000000000000002d       0x2e build/sync.o
 .comment       0x000000000000002d       0x2e build/keyboard.o
 .comment       0x000000000000002d       0x2e build/ioqueue.o
 .comment       0x000000000000002d       0x2e build/tss.o
 .comment       0x000000000000002d       0x2e build/process.o
 .comment       0x000000000000002d       0x2e build/syscall.o
 .comment       0x000000000000002d       0x2e build/syscall-init.o
 .comment       0x000000000000002d       0x2e build/stdio.o
 .comment       0x000000000000002d       0x2e build/ide.o
 .comment       0x000000000000002d       0x2e build/stdio-kernel.o
 .comment       0x000000000000002d       0x2e build/fs.o
 .comment       0x000000000000002d       0x2e build/inode.o
 .comment       0x000000000000002d       0x2e build/file.o
 .comment       0x000000000000002d       0x2e build/dir.o

.debug
 *(.debug)

.line
 *(.line)

.debug_srcinfo
 *(.debug_srcinfo)

.debug_sfnames
 *(.debug_sfnames)

.debug_aranges
 *(.debug_aranges)

.debug_pubnames
 *(.debug_pubnames)

.debug_info
 *(.debug_info .gnu.linkonce.wi.*)

.debug_abbrev
 *(.debug_abbrev)

.debug_line
 *(.debug_line .debug_line.* .debug_line_end)

.debug_frame
 *(.debug_frame)

.debug_str
 *(.debug_str)

.debug_loc
 *(.debug_loc)

.debug_macinfo
 *(.debug_macinfo)

.debug_weaknames
 *(.debug_weaknames)

.debug_funcnames
 *(.debug_funcnames)

.debug_typenames
 *(.debug_typenames)

.debug_varnames
 *(.debug_varnames)

.debug_pubtypes
 *(.debug_pubtypes)

.debug_ranges
 *(.debug_ranges)

.debug_macro
 *(.debug_macro)

.gnu.attributes
 *(.gnu.attributes)

/DISCARD/
 *(.note.GNU-stack)
 *(.gnu_debuglink)
 *(.gnu.lto_*)
OUTPUT(build/kernel.bin elf32-i386)
