
Allocating common symbols
Common symbol       size              file

thread_ready_list   0x10              build/thread.o
thread_all_list     0x10              build/thread.o
user_pool           0x10              build/memory.o
intr_name           0x84              build/interrupt.o
main_thread         0x4               build/thread.o
ticks               0x4               build/timer.o
kernel_vaddr        0xc               build/memory.o
idt_table           0x84              build/interrupt.o
kernel_pool         0x10              build/memory.o

Discarded input sections

 .note.GNU-stack
                0x0000000000000000        0x0 build/main.o
 .note.GNU-stack
                0x0000000000000000        0x0 build/init.o
 .note.GNU-stack
                0x0000000000000000        0x0 build/interrupt.o
 .note.GNU-stack
                0x0000000000000000        0x0 build/timer.o
 .note.GNU-stack
                0x0000000000000000        0x0 build/debug.o
 .note.GNU-stack
                0x0000000000000000        0x0 build/memory.o
 .note.GNU-stack
                0x0000000000000000        0x0 build/bitmap.o
 .note.GNU-stack
                0x0000000000000000        0x0 build/string.o
 .note.GNU-stack
                0x0000000000000000        0x0 build/thread.o
 .note.GNU-stack
                0x0000000000000000        0x0 build/list.o

Memory Configuration

Name             Origin             Length             Attributes
*default*        0x0000000000000000 0xffffffffffffffff

Linker script and memory map

Address of section .text set to 0xc0001500
LOAD build/main.o
LOAD build/init.o
LOAD build/interrupt.o
LOAD build/timer.o
LOAD build/kernel.o
LOAD build/print.o
LOAD build/debug.o
LOAD build/memory.o
LOAD build/bitmap.o
LOAD build/string.o
LOAD build/thread.o
LOAD build/list.o
LOAD build/switch.o
                [!provide]                        PROVIDE (__executable_start, 0x8048000)
                0x0000000008048094                . = (0x8048000 + SIZEOF_HEADERS)

.interp
 *(.interp)

.note.gnu.build-id
 *(.note.gnu.build-id)

.hash
 *(.hash)

.gnu.hash
 *(.gnu.hash)

.dynsym
 *(.dynsym)

.dynstr
 *(.dynstr)

.gnu.version
 *(.gnu.version)

.gnu.version_d
 *(.gnu.version_d)

.gnu.version_r
 *(.gnu.version_r)

.rel.dyn        0x0000000008048094        0x0
 *(.rel.init)
 *(.rel.text .rel.text.* .rel.gnu.linkonce.t.*)
 .rel.text      0x0000000008048094        0x0 build/main.o
 *(.rel.fini)
 *(.rel.rodata .rel.rodata.* .rel.gnu.linkonce.r.*)
 *(.rel.data.rel.ro .rel.data.rel.ro.* .rel.gnu.linkonce.d.rel.ro.*)
 *(.rel.data .rel.data.* .rel.gnu.linkonce.d.*)
 *(.rel.tdata .rel.tdata.* .rel.gnu.linkonce.td.*)
 *(.rel.tbss .rel.tbss.* .rel.gnu.linkonce.tb.*)
 *(.rel.ctors)
 *(.rel.dtors)
 *(.rel.got)
 *(.rel.bss .rel.bss.* .rel.gnu.linkonce.b.*)
 *(.rel.ifunc)

.rel.plt        0x0000000008048094        0x0
 *(.rel.plt)
                [!provide]                        PROVIDE (__rel_iplt_start, .)
 *(.rel.iplt)
                [!provide]                        PROVIDE (__rel_iplt_end, .)

.init
 *(SORT(.init))

.plt
 *(.plt)
 *(.iplt)

.plt.got
 *(.plt.got)

.text           0x00000000c0001500     0x2035
 *(.text.unlikely .text.*_unlikely .text.unlikely.*)
 *(.text.exit .text.exit.*)
 *(.text.startup .text.startup.*)
 *(.text.hot .text.hot.*)
 *(.text .stub .text.* .gnu.linkonce.t.*)
 .text          0x00000000c0001500       0xe7 build/main.o
                0x00000000c0001500                main
                0x00000000c00015b5                k_thread_a
                0x00000000c00015ce                k_thread_b
 .text          0x00000000c00015e7       0x28 build/init.o
                0x00000000c00015e7                init_all
 .text          0x00000000c000160f      0x47a build/interrupt.o
                0x00000000c0001954                intr_get_status
                0x00000000c0001978                intr_set_status
                0x00000000c0001996                intr_enable
                0x00000000c00019e3                intr_disable
                0x00000000c0001a0b                register_handler
                0x00000000c0001a27                idt_init
 .text          0x00000000c0001a89      0x190 build/timer.o
                0x00000000c0001bb9                timer_init
 *fill*         0x00000000c0001c19        0x7 
 .text          0x00000000c0001c20      0x393 build/kernel.o
                0x00000000c0001c20                exit_intr
 *fill*         0x00000000c0001fb3        0xd 
 .text          0x00000000c0001fc0      0x172 build/print.o
                0x00000000c0001fc0                print_str
                0x00000000c0001fde                put_int
                0x00000000c0002041                put_char
                0x00000000c000210e                set_cursor
 .text          0x00000000c0002132       0xa5 build/debug.o
                0x00000000c0002132                panic_spin
 .text          0x00000000c00021d7      0x64a build/memory.o
                0x00000000c000225f                pte_ptr
                0x00000000c000228f                pde_ptr
                0x00000000c0002440                malloc_page
                0x00000000c000250a                get_kernel_pages
                0x00000000c00027c9                mem_init
 .text          0x00000000c0002821      0x266 build/bitmap.o
                0x00000000c0002821                bitmap_init
                0x00000000c0002848                bitmap_scan_test
                0x00000000c0002888                bitmap_scan
                0x00000000c00029cc                bitmap_set
 .text          0x00000000c0002a87      0x442 build/string.o
                0x00000000c0002a87                memset
                0x00000000c0002ae1                memcpy
                0x00000000c0002b4d                memcmp
                0x00000000c0002bde                strcpy
                0x00000000c0002c40                strlen
                0x00000000c0002c96                strcmp
                0x00000000c0002d1d                strchr
                0x00000000c0002d82                strrchr
                0x00000000c0002deb                strcat
                0x00000000c0002e5c                strchrs
 .text          0x00000000c0002ec9      0x466 build/thread.o
                0x00000000c0002ec9                running_thread
                0x00000000c0002ef6                thread_create
                0x00000000c0002f6c                init_thread
                0x00000000c0003007                thread_start
                0x00000000c00031ca                schedule
                0x00000000c00032f2                thread_init
 .text          0x00000000c000332f      0x1e3 build/list.o
                0x00000000c000332f                list_init
                0x00000000c000335c                list_insert_before
                0x00000000c000339d                list_push
                0x00000000c00033ba                list_append
                0x00000000c00033d7                list_remove
                0x00000000c000340d                list_pop
                0x00000000c000342c                elem_find
                0x00000000c0003467                list_traversal
                0x00000000c00034c4                list_len
                0x00000000c00034f9                list_empty
 *fill*         0x00000000c0003512        0xe 
 .text          0x00000000c0003520       0x15 build/switch.o
                0x00000000c0003520                switch_to
 *(.gnu.warning)

.fini
 *(SORT(.fini))
                [!provide]                        PROVIDE (__etext, .)
                [!provide]                        PROVIDE (_etext, .)
                [!provide]                        PROVIDE (etext, .)

.rodata         0x00000000c0003538      0x95c
 *(.rodata .rodata.* .gnu.linkonce.r.*)
 .rodata        0x00000000c0003538       0x98 build/main.o
 .rodata        0x00000000c00035d0        0xb build/init.o
 *fill*         0x00000000c00035db        0x1 
 .rodata        0x00000000c00035dc      0x31f build/interrupt.o
 *fill*         0x00000000c00038fb        0x1 
 .rodata        0x00000000c00038fc       0x6b build/timer.o
 .rodata        0x00000000c0003967       0x38 build/debug.o
 *fill*         0x00000000c000399f        0x1 
 .rodata        0x00000000c00039a0      0x205 build/memory.o
 *fill*         0x00000000c0003ba5        0x3 
 .rodata        0x00000000c0003ba8       0x65 build/bitmap.o
 .rodata        0x00000000c0003c0d       0xbf build/string.o
 .rodata        0x00000000c0003ccc      0x1c8 build/thread.o

.rodata1
 *(.rodata1)

.eh_frame_hdr
 *(.eh_frame_hdr)
 *(.eh_frame_entry .eh_frame_entry.*)

.eh_frame       0x00000000c0003e94      0x7e8
 *(.eh_frame)
 .eh_frame      0x00000000c0003e94       0x6c build/main.o
 .eh_frame      0x00000000c0003f00       0x20 build/init.o
                                         0x38 (size before relaxing)
 .eh_frame      0x00000000c0003f20      0x188 build/interrupt.o
                                        0x1a0 (size before relaxing)
 .eh_frame      0x00000000c00040a8       0x8c build/timer.o
                                         0xa4 (size before relaxing)
 .eh_frame      0x00000000c0004134       0x1c build/debug.o
                                         0x34 (size before relaxing)
 .eh_frame      0x00000000c0004150      0x120 build/memory.o
                                        0x138 (size before relaxing)
 .eh_frame      0x00000000c0004270       0x8c build/bitmap.o
                                         0xa4 (size before relaxing)
 .eh_frame      0x00000000c00042fc      0x140 build/string.o
                                        0x158 (size before relaxing)
 .eh_frame      0x00000000c000443c      0x100 build/thread.o
                                        0x118 (size before relaxing)
 .eh_frame      0x00000000c000453c      0x140 build/list.o
                                        0x158 (size before relaxing)
 *(.eh_frame.*)

.gcc_except_table
 *(.gcc_except_table .gcc_except_table.*)

.gnu_extab
 *(.gnu_extab*)

.exception_ranges
 *(.exception_ranges .exception_ranges*)
                0x00000000c0006000                . = DATA_SEGMENT_ALIGN (0x1000, 0x1000)

.eh_frame
 *(.eh_frame)
 *(.eh_frame.*)

.gnu_extab
 *(.gnu_extab)

.gcc_except_table
 *(.gcc_except_table .gcc_except_table.*)

.exception_ranges
 *(.exception_ranges .exception_ranges*)

.tdata
 *(.tdata .tdata.* .gnu.linkonce.td.*)

.tbss
 *(.tbss .tbss.* .gnu.linkonce.tb.*)
 *(.tcommon)

.preinit_array  0x00000000c0006000        0x0
                [!provide]                        PROVIDE (__preinit_array_start, .)
 *(.preinit_array)
                [!provide]                        PROVIDE (__preinit_array_end, .)

.init_array     0x00000000c0006000        0x0
                [!provide]                        PROVIDE (__init_array_start, .)
 *(SORT(.init_array.*) SORT(.ctors.*))
 *(.init_array EXCLUDE_FILE(*crtend?.o *crtend.o *crtbegin?.o *crtbegin.o) .ctors)
                [!provide]                        PROVIDE (__init_array_end, .)

.fini_array     0x00000000c0006000        0x0
                [!provide]                        PROVIDE (__fini_array_start, .)
 *(SORT(.fini_array.*) SORT(.dtors.*))
 *(.fini_array EXCLUDE_FILE(*crtend?.o *crtend.o *crtbegin?.o *crtbegin.o) .dtors)
                [!provide]                        PROVIDE (__fini_array_end, .)

.ctors
 *crtbegin.o(.ctors)
 *crtbegin?.o(.ctors)
 *(EXCLUDE_FILE(*crtend?.o *crtend.o) .ctors)
 *(SORT(.ctors.*))
 *(.ctors)

.dtors
 *crtbegin.o(.dtors)
 *crtbegin?.o(.dtors)
 *(EXCLUDE_FILE(*crtend?.o *crtend.o) .dtors)
 *(SORT(.dtors.*))
 *(.dtors)

.jcr
 *(.jcr)

.data.rel.ro
 *(.data.rel.ro.local* .gnu.linkonce.d.rel.ro.local.*)
 *(.data.rel.ro .data.rel.ro.* .gnu.linkonce.d.rel.ro.*)

.dynamic
 *(.dynamic)

.got
 *(.got)
 *(.igot)
                0x00000000c0006000                . = DATA_SEGMENT_RELRO_END (., (SIZEOF (.got.plt) >= 0xc)?0xc:0x0)

.got.plt        0x00000000c0006000        0x0
 *(.got.plt)
 *(.igot.plt)

.data           0x00000000c0006000       0xa0
 *(.data .data.* .gnu.linkonce.d.*)
 .data          0x00000000c0006000        0x0 build/main.o
 .data          0x00000000c0006000        0x0 build/init.o
 .data          0x00000000c0006000        0x0 build/interrupt.o
 .data          0x00000000c0006000        0x0 build/timer.o
 .data          0x00000000c0006000       0x95 build/kernel.o
                0x00000000c0006011                intr_entry_table
 *fill*         0x00000000c0006095        0x3 
 .data          0x00000000c0006098        0x8 build/print.o
 .data          0x00000000c00060a0        0x0 build/debug.o
 .data          0x00000000c00060a0        0x0 build/memory.o
 .data          0x00000000c00060a0        0x0 build/bitmap.o
 .data          0x00000000c00060a0        0x0 build/string.o
 .data          0x00000000c00060a0        0x0 build/thread.o
 .data          0x00000000c00060a0        0x0 build/list.o

.data1
 *(.data1)
                0x00000000c00060a0                _edata = .
                [!provide]                        PROVIDE (edata, .)
                0x00000000c00060a0                . = .
                0x00000000c00060a0                __bss_start = .

.bss            0x00000000c00060a0      0x298
 *(.dynbss)
 *(.bss .bss.* .gnu.linkonce.b.*)
 .bss           0x00000000c00060a0        0x0 build/main.o
 .bss           0x00000000c00060a0        0x0 build/init.o
 .bss           0x00000000c00060a0      0x108 build/interrupt.o
 .bss           0x00000000c00061a8        0x0 build/timer.o
 .bss           0x00000000c00061a8        0x0 build/debug.o
 .bss           0x00000000c00061a8        0x0 build/memory.o
 .bss           0x00000000c00061a8        0x0 build/bitmap.o
 .bss           0x00000000c00061a8        0x0 build/string.o
 .bss           0x00000000c00061a8        0x4 build/thread.o
 .bss           0x00000000c00061ac        0x0 build/list.o
 *(COMMON)
 *fill*         0x00000000c00061ac       0x14 
 COMMON         0x00000000c00061c0      0x124 build/interrupt.o
                0x00000000c00061c0                intr_name
                0x00000000c0006260                idt_table
 COMMON         0x00000000c00062e4        0x4 build/timer.o
                0x00000000c00062e4                ticks
 COMMON         0x00000000c00062e8       0x2c build/memory.o
                0x00000000c00062e8                user_pool
                0x00000000c00062f8                kernel_vaddr
                0x00000000c0006304                kernel_pool
 COMMON         0x00000000c0006314       0x24 build/thread.o
                0x00000000c0006314                thread_ready_list
                0x00000000c0006324                thread_all_list
                0x00000000c0006334                main_thread
                0x00000000c0006338                . = ALIGN ((. != 0x0)?0x4:0x1)
                0x00000000c0006338                . = ALIGN (0x4)
                0x00000000c0006338                . = SEGMENT_START ("ldata-segment", .)
                0x00000000c0006338                . = ALIGN (0x4)
                0x00000000c0006338                _end = .
                [!provide]                        PROVIDE (end, .)
                0x00000000c0006338                . = DATA_SEGMENT_END (.)

.stab
 *(.stab)

.stabstr
 *(.stabstr)

.stab.excl
 *(.stab.excl)

.stab.exclstr
 *(.stab.exclstr)

.stab.index
 *(.stab.index)

.stab.indexstr
 *(.stab.indexstr)

.comment        0x0000000000000000       0x2d
 *(.comment)
 .comment       0x0000000000000000       0x2d build/main.o
                                         0x2e (size before relaxing)
 .comment       0x000000000000002d       0x2e build/init.o
 .comment       0x000000000000002d       0x2e build/interrupt.o
 .comment       0x000000000000002d       0x2e build/timer.o
 .comment       0x000000000000002d       0x2e build/debug.o
 .comment       0x000000000000002d       0x2e build/memory.o
 .comment       0x000000000000002d       0x2e build/bitmap.o
 .comment       0x000000000000002d       0x2e build/string.o
 .comment       0x000000000000002d       0x2e build/thread.o
 .comment       0x000000000000002d       0x2e build/list.o

.debug
 *(.debug)

.line
 *(.line)

.debug_srcinfo
 *(.debug_srcinfo)

.debug_sfnames
 *(.debug_sfnames)

.debug_aranges
 *(.debug_aranges)

.debug_pubnames
 *(.debug_pubnames)

.debug_info
 *(.debug_info .gnu.linkonce.wi.*)

.debug_abbrev
 *(.debug_abbrev)

.debug_line
 *(.debug_line .debug_line.* .debug_line_end)

.debug_frame
 *(.debug_frame)

.debug_str
 *(.debug_str)

.debug_loc
 *(.debug_loc)

.debug_macinfo
 *(.debug_macinfo)

.debug_weaknames
 *(.debug_weaknames)

.debug_funcnames
 *(.debug_funcnames)

.debug_typenames
 *(.debug_typenames)

.debug_varnames
 *(.debug_varnames)

.debug_pubtypes
 *(.debug_pubtypes)

.debug_ranges
 *(.debug_ranges)

.debug_macro
 *(.debug_macro)

.gnu.attributes
 *(.gnu.attributes)

/DISCARD/
 *(.note.GNU-stack)
 *(.gnu_debuglink)
 *(.gnu.lto_*)
OUTPUT(build/kernel.bin elf32-i386)
