
Allocating common symbols
Common symbol       size              file

kbd_buf             0x6c              build/keyboard.o
thread_ready_list   0x10              build/thread.o
thread_all_list     0x10              build/thread.o
user_pool           0x2c              build/memory.o
intr_name           0x204             build/interrupt.o
main_thread         0x4               build/thread.o
ticks               0x4               build/timer.o
kernel_vaddr        0xc               build/memory.o
syscall_table       0x80              build/syscall-init.o
idt_table           0x204             build/interrupt.o
kernel_pool         0x2c              build/memory.o
pid_lock            0x1c              build/thread.o

Discarded input sections

 .note.GNU-stack
                0x0000000000000000        0x0 build/main.o
 .note.GNU-stack
                0x0000000000000000        0x0 build/init.o
 .note.GNU-stack
                0x0000000000000000        0x0 build/interrupt.o
 .note.GNU-stack
                0x0000000000000000        0x0 build/timer.o
 .note.GNU-stack
                0x0000000000000000        0x0 build/debug.o
 .note.GNU-stack
                0x0000000000000000        0x0 build/memory.o
 .note.GNU-stack
                0x0000000000000000        0x0 build/bitmap.o
 .note.GNU-stack
                0x0000000000000000        0x0 build/string.o
 .note.GNU-stack
                0x0000000000000000        0x0 build/thread.o
 .note.GNU-stack
                0x0000000000000000        0x0 build/list.o
 .note.GNU-stack
                0x0000000000000000        0x0 build/sync.o
 .note.GNU-stack
                0x0000000000000000        0x0 build/console.o
 .note.GNU-stack
                0x0000000000000000        0x0 build/keyboard.o
 .note.GNU-stack
                0x0000000000000000        0x0 build/ioqueue.o
 .note.GNU-stack
                0x0000000000000000        0x0 build/tss.o
 .note.GNU-stack
                0x0000000000000000        0x0 build/process.o
 .note.GNU-stack
                0x0000000000000000        0x0 build/syscall.o
 .note.GNU-stack
                0x0000000000000000        0x0 build/syscall-init.o

Memory Configuration

Name             Origin             Length             Attributes
*default*        0x0000000000000000 0xffffffffffffffff

Linker script and memory map

Address of section .text set to 0xc0001500
LOAD build/main.o
LOAD build/init.o
LOAD build/interrupt.o
LOAD build/timer.o
LOAD build/kernel.o
LOAD build/print.o
LOAD build/debug.o
LOAD build/memory.o
LOAD build/bitmap.o
LOAD build/string.o
LOAD build/thread.o
LOAD build/list.o
LOAD build/switch.o
LOAD build/sync.o
LOAD build/console.o
LOAD build/keyboard.o
LOAD build/ioqueue.o
LOAD build/tss.o
LOAD build/process.o
LOAD build/syscall.o
LOAD build/syscall-init.o
                [!provide]                        PROVIDE (__executable_start, 0x8048000)
                0x0000000008048094                . = (0x8048000 + SIZEOF_HEADERS)

.interp
 *(.interp)

.note.gnu.build-id
 *(.note.gnu.build-id)

.hash
 *(.hash)

.gnu.hash
 *(.gnu.hash)

.dynsym
 *(.dynsym)

.dynstr
 *(.dynstr)

.gnu.version
 *(.gnu.version)

.gnu.version_d
 *(.gnu.version_d)

.gnu.version_r
 *(.gnu.version_r)

.rel.dyn        0x0000000008048094        0x0
 *(.rel.init)
 *(.rel.text .rel.text.* .rel.gnu.linkonce.t.*)
 .rel.text      0x0000000008048094        0x0 build/main.o
 *(.rel.fini)
 *(.rel.rodata .rel.rodata.* .rel.gnu.linkonce.r.*)
 *(.rel.data.rel.ro .rel.data.rel.ro.* .rel.gnu.linkonce.d.rel.ro.*)
 *(.rel.data .rel.data.* .rel.gnu.linkonce.d.*)
 *(.rel.tdata .rel.tdata.* .rel.gnu.linkonce.td.*)
 *(.rel.tbss .rel.tbss.* .rel.gnu.linkonce.tb.*)
 *(.rel.ctors)
 *(.rel.dtors)
 *(.rel.got)
 *(.rel.bss .rel.bss.* .rel.gnu.linkonce.b.*)
 *(.rel.ifunc)

.rel.plt        0x0000000008048094        0x0
 *(.rel.plt)
                [!provide]                        PROVIDE (__rel_iplt_start, .)
 *(.rel.iplt)
                [!provide]                        PROVIDE (__rel_iplt_end, .)

.init
 *(SORT(.init))

.plt
 *(.plt)
 *(.iplt)

.plt.got
 *(.plt.got)

.text           0x00000000c0001500     0x350e
 *(.text.unlikely .text.*_unlikely .text.unlikely.*)
 *(.text.exit .text.exit.*)
 *(.text.startup .text.startup.*)
 *(.text.hot .text.hot.*)
 *(.text .stub .text.* .gnu.linkonce.t.*)
 .text          0x00000000c0001500      0x1b4 build/main.o
                0x00000000c0001500                main
                0x00000000c00015aa                k_thread_a
                0x00000000c0001612                k_thread_b
                0x00000000c0001690                u_prog_a
                0x00000000c00016a2                u_prog_b
 .text          0x00000000c00016b4       0x3c build/init.o
                0x00000000c00016b4                init_all
 .text          0x00000000c00016f0      0x494 build/interrupt.o
                0x00000000c0001a72                intr_enable
                0x00000000c0001a9b                intr_disable
                0x00000000c0001ac4                intr_set_status
                0x00000000c0001ae2                intr_get_status
                0x00000000c0001b06                register_handler
                0x00000000c0001b22                idt_init
 .text          0x00000000c0001b84      0x190 build/timer.o
                0x00000000c0001cb4                timer_init
 *fill*         0x00000000c0001d14        0xc 
 .text          0x00000000c0001d20      0x55b build/kernel.o
                0x00000000c0001d20                intr_exit
                0x00000000c0002257                syscall_handler
 *fill*         0x00000000c000227b        0x5 
 .text          0x00000000c0002280      0x172 build/print.o
                0x00000000c0002280                put_str
                0x00000000c000229e                put_char
                0x00000000c000236b                put_int
                0x00000000c00023ce                set_cursor
 .text          0x00000000c00023f2       0xa5 build/debug.o
                0x00000000c00023f2                panic_spin
 .text          0x00000000c0002497      0x82c build/memory.o
                0x00000000c00025c5                pte_ptr
                0x00000000c00025f5                pde_ptr
                0x00000000c00027a6                malloc_page
                0x00000000c0002870                get_kernel_pages
                0x00000000c00028cc                get_user_pages
                0x00000000c0002928                get_a_page
                0x00000000c0002aa0                addr_v2p
                0x00000000c0002c8e                mem_init
 .text          0x00000000c0002cc3      0x266 build/bitmap.o
                0x00000000c0002cc3                bitmap_init
                0x00000000c0002cea                bitmap_scan_test
                0x00000000c0002d2a                bitmap_scan
                0x00000000c0002e6e                bitmap_set
 .text          0x00000000c0002f29      0x449 build/string.o
                0x00000000c0002f29                memset
                0x00000000c0002f85                memcpy
                0x00000000c0002ff1                memcmp
                0x00000000c0003081                strcpy
                0x00000000c00030e3                strlen
                0x00000000c0003139                strcmp
                0x00000000c00031c0                strchr
                0x00000000c0003225                strrchr
                0x00000000c000328e                strcat
                0x00000000c0003305                strchrs
 .text          0x00000000c0003372      0x5ea build/thread.o
                0x00000000c0003372                running_thread
                0x00000000c00033d6                thread_create
                0x00000000c000344c                init_thread
                0x00000000c00034f3                thread_start
                0x00000000c000366e                schedule
                0x00000000c00037a1                thread_block
                0x00000000c0003808                thread_unblock
                0x00000000c0003913                thread_init
 .text          0x00000000c000395c      0x1e3 build/list.o
                0x00000000c000395c                list_init
                0x00000000c0003989                list_insert_before
                0x00000000c00039ca                list_push
                0x00000000c00039e7                list_append
                0x00000000c0003a04                list_remove
                0x00000000c0003a3a                list_pop
                0x00000000c0003a59                elem_find
                0x00000000c0003a94                list_traversal
                0x00000000c0003af1                list_len
                0x00000000c0003b26                list_empty
 *fill*         0x00000000c0003b3f        0x1 
 .text          0x00000000c0003b40       0x15 build/switch.o
                0x00000000c0003b40                switch_to
 .text          0x00000000c0003b55      0x318 build/sync.o
                0x00000000c0003b55                sema_init
                0x00000000c0003b7a                lock_init
                0x00000000c0003bab                sema_down
                0x00000000c0003cbf                sema_up
                0x00000000c0003d75                lock_acquire
                0x00000000c0003df1                lock_release
 .text          0x00000000c0003e6d       0x9a build/console.o
                0x00000000c0003e6d                console_init
                0x00000000c0003e81                console_acquire
                0x00000000c0003e95                console_release
                0x00000000c0003ea9                console_put_str
                0x00000000c0003ec6                console_put_char
                0x00000000c0003eea                console_put_int
 .text          0x00000000c0003f07      0x2bc build/keyboard.o
                0x00000000c0004183                keyboard_init
 .text          0x00000000c00041c3      0x2f4 build/ioqueue.o
                0x00000000c00041c3                ioqueue_init
                0x00000000c000421e                ioq_full
                0x00000000c0004274                ioq_empty
                0x00000000c000435b                ioq_getchar
                0x00000000c0004408                ioq_putchar
 .text          0x00000000c00044b7      0x1af build/tss.o
                0x00000000c00044b7                update_tss_esp
                0x00000000c0004538                tss_init
 .text          0x00000000c0004666      0x357 build/process.o
                0x00000000c0004666                process_execute
                0x00000000c0004782                start_process
                0x00000000c0004888                process_activate
                0x00000000c00048da                page_dir_activate
                0x00000000c000490a                create_page_dir
                0x00000000c000497b                create_user_vaddr_bitmap
 .text          0x00000000c00049bd       0x15 build/syscall.o
                0x00000000c00049bd                getpid
 .text          0x00000000c00049d2       0x3c build/syscall-init.o
                0x00000000c00049d2                sys_getpid
                0x00000000c00049e4                syscall_init
 *(.gnu.warning)

.fini
 *(SORT(.fini))
                [!provide]                        PROVIDE (__etext, .)
                [!provide]                        PROVIDE (_etext, .)
                [!provide]                        PROVIDE (etext, .)

.rodata         0x00000000c0004a10      0xcc8
 *(.rodata .rodata.* .gnu.linkonce.r.*)
 .rodata        0x00000000c0004a10       0x73 build/main.o
 .rodata        0x00000000c0004a83        0xa build/init.o
 *fill*         0x00000000c0004a8d        0x3 
 .rodata        0x00000000c0004a90      0x2dc build/interrupt.o
 .rodata        0x00000000c0004d6c       0x6b build/timer.o
 .rodata        0x00000000c0004dd7       0x3f build/debug.o
 *fill*         0x00000000c0004e16        0x2 
 .rodata        0x00000000c0004e18      0x1ce build/memory.o
 *fill*         0x00000000c0004fe6        0x2 
 .rodata        0x00000000c0004fe8       0x68 build/bitmap.o
 .rodata        0x00000000c0005050       0xb9 build/string.o
 *fill*         0x00000000c0005109        0x3 
 .rodata        0x00000000c000510c      0x2be build/thread.o
 *fill*         0x00000000c00053ca        0x2 
 .rodata        0x00000000c00053cc      0x112 build/sync.o
 .rodata        0x00000000c00054de       0x36 build/keyboard.o
 .rodata        0x00000000c0005514       0x9d build/ioqueue.o
 .rodata        0x00000000c00055b1       0x27 build/tss.o
 .rodata        0x00000000c00055d8       0xda build/process.o
 .rodata        0x00000000c00056b2       0x26 build/syscall-init.o

.rodata1
 *(.rodata1)

.eh_frame_hdr
 *(.eh_frame_hdr)
 *(.eh_frame_entry .eh_frame_entry.*)

.eh_frame       0x00000000c00056d8      0xd50
 *(.eh_frame)
 .eh_frame      0x00000000c00056d8       0xa4 build/main.o
 .eh_frame      0x00000000c000577c       0x20 build/init.o
                                         0x38 (size before relaxing)
 .eh_frame      0x00000000c000579c      0x188 build/interrupt.o
                                        0x1a0 (size before relaxing)
 .eh_frame      0x00000000c0005924       0x8c build/timer.o
                                         0xa4 (size before relaxing)
 .eh_frame      0x00000000c00059b0       0x1c build/debug.o
                                         0x34 (size before relaxing)
 .eh_frame      0x00000000c00059cc      0x180 build/memory.o
                                        0x198 (size before relaxing)
 .eh_frame      0x00000000c0005b4c       0x8c build/bitmap.o
                                         0xa4 (size before relaxing)
 .eh_frame      0x00000000c0005bd8      0x140 build/string.o
                                        0x158 (size before relaxing)
 .eh_frame      0x00000000c0005d18      0x160 build/thread.o
                                        0x178 (size before relaxing)
 .eh_frame      0x00000000c0005e78      0x140 build/list.o
                                        0x158 (size before relaxing)
 .eh_frame      0x00000000c0005fb8       0xc8 build/sync.o
                                         0xe0 (size before relaxing)
 .eh_frame      0x00000000c0006080       0xc0 build/console.o
                                         0xd8 (size before relaxing)
 .eh_frame      0x00000000c0006140       0x60 build/keyboard.o
                                         0x78 (size before relaxing)
 .eh_frame      0x00000000c00061a0      0x104 build/ioqueue.o
                                        0x11c (size before relaxing)
 .eh_frame      0x00000000c00062a4       0x64 build/tss.o
                                         0x7c (size before relaxing)
 .eh_frame      0x00000000c0006308       0xc0 build/process.o
                                         0xd8 (size before relaxing)
 .eh_frame      0x00000000c00063c8       0x20 build/syscall.o
                                         0x38 (size before relaxing)
 .eh_frame      0x00000000c00063e8       0x40 build/syscall-init.o
                                         0x58 (size before relaxing)
 *(.eh_frame.*)

.gcc_except_table
 *(.gcc_except_table .gcc_except_table.*)

.gnu_extab
 *(.gnu_extab*)

.exception_ranges
 *(.exception_ranges .exception_ranges*)
                0x00000000c0008000                . = DATA_SEGMENT_ALIGN (0x1000, 0x1000)

.eh_frame
 *(.eh_frame)
 *(.eh_frame.*)

.gnu_extab
 *(.gnu_extab)

.gcc_except_table
 *(.gcc_except_table .gcc_except_table.*)

.exception_ranges
 *(.exception_ranges .exception_ranges*)

.tdata
 *(.tdata .tdata.* .gnu.linkonce.td.*)

.tbss
 *(.tbss .tbss.* .gnu.linkonce.tb.*)
 *(.tcommon)

.preinit_array  0x00000000c0008000        0x0
                [!provide]                        PROVIDE (__preinit_array_start, .)
 *(.preinit_array)
                [!provide]                        PROVIDE (__preinit_array_end, .)

.init_array     0x00000000c0008000        0x0
                [!provide]                        PROVIDE (__init_array_start, .)
 *(SORT(.init_array.*) SORT(.ctors.*))
 *(.init_array EXCLUDE_FILE(*crtend?.o *crtend.o *crtbegin?.o *crtbegin.o) .ctors)
                [!provide]                        PROVIDE (__init_array_end, .)

.fini_array     0x00000000c0008000        0x0
                [!provide]                        PROVIDE (__fini_array_start, .)
 *(SORT(.fini_array.*) SORT(.dtors.*))
 *(.fini_array EXCLUDE_FILE(*crtend?.o *crtend.o *crtbegin?.o *crtbegin.o) .dtors)
                [!provide]                        PROVIDE (__fini_array_end, .)

.ctors
 *crtbegin.o(.ctors)
 *crtbegin?.o(.ctors)
 *(EXCLUDE_FILE(*crtend?.o *crtend.o) .ctors)
 *(SORT(.ctors.*))
 *(.ctors)

.dtors
 *crtbegin.o(.dtors)
 *crtbegin?.o(.dtors)
 *(EXCLUDE_FILE(*crtend?.o *crtend.o) .dtors)
 *(SORT(.dtors.*))
 *(.dtors)

.jcr
 *(.jcr)

.data.rel.ro
 *(.data.rel.ro.local* .gnu.linkonce.d.rel.ro.local.*)
 *(.data.rel.ro .data.rel.ro.* .gnu.linkonce.d.rel.ro.*)

.dynamic
 *(.dynamic)

.got
 *(.got)
 *(.igot)
                0x00000000c0008000                . = DATA_SEGMENT_RELRO_END (., (SIZEOF (.got.plt) >= 0xc)?0xc:0x0)

.got.plt        0x00000000c0008000        0x0
 *(.got.plt)
 *(.igot.plt)

.data           0x00000000c0008000      0x156
 *(.data .data.* .gnu.linkonce.d.*)
 .data          0x00000000c0008000        0x0 build/main.o
 .data          0x00000000c0008000        0x0 build/init.o
 .data          0x00000000c0008000        0x0 build/interrupt.o
 .data          0x00000000c0008000        0x0 build/timer.o
 .data          0x00000000c0008000       0xc0 build/kernel.o
                0x00000000c0008000                intr_entry_table
 .data          0x00000000c00080c0        0x8 build/print.o
 .data          0x00000000c00080c8        0x0 build/debug.o
 .data          0x00000000c00080c8        0x0 build/memory.o
 .data          0x00000000c00080c8        0x0 build/bitmap.o
 .data          0x00000000c00080c8        0x0 build/string.o
 .data          0x00000000c00080c8        0x0 build/thread.o
 .data          0x00000000c00080c8        0x0 build/list.o
 .data          0x00000000c00080c8        0x0 build/sync.o
 .data          0x00000000c00080c8        0x0 build/console.o
 *fill*         0x00000000c00080c8       0x18 
 .data          0x00000000c00080e0       0x76 build/keyboard.o
 .data          0x00000000c0008156        0x0 build/ioqueue.o
 .data          0x00000000c0008156        0x0 build/tss.o
 .data          0x00000000c0008156        0x0 build/process.o
 .data          0x00000000c0008156        0x0 build/syscall.o
 .data          0x00000000c0008156        0x0 build/syscall-init.o

.data1
 *(.data1)
                0x00000000c0008156                _edata = .
                [!provide]                        PROVIDE (edata, .)
                0x00000000c0008156                . = .
                0x00000000c0008156                __bss_start = .

.bss            0x00000000c0008160      0xae0
 *(.dynbss)
 *(.bss .bss.* .gnu.linkonce.b.*)
 .bss           0x00000000c0008160        0x8 build/main.o
                0x00000000c0008160                prog_a_pid
                0x00000000c0008164                prog_b_pid
 .bss           0x00000000c0008168        0x0 build/init.o
 *fill*         0x00000000c0008168       0x18 
 .bss           0x00000000c0008180      0x408 build/interrupt.o
 .bss           0x00000000c0008588        0x0 build/timer.o
 .bss           0x00000000c0008588        0x0 build/debug.o
 .bss           0x00000000c0008588        0x0 build/memory.o
 .bss           0x00000000c0008588        0x0 build/bitmap.o
 .bss           0x00000000c0008588        0x0 build/string.o
 .bss           0x00000000c0008588        0x6 build/thread.o
 .bss           0x00000000c000858e        0x0 build/list.o
 .bss           0x00000000c000858e        0x0 build/sync.o
 *fill*         0x00000000c000858e        0x2 
 .bss           0x00000000c0008590       0x1c build/console.o
 .bss           0x00000000c00085ac       0x14 build/keyboard.o
 .bss           0x00000000c00085c0        0x0 build/ioqueue.o
 .bss           0x00000000c00085c0       0x6c build/tss.o
 .bss           0x00000000c000862c        0x0 build/process.o
 .bss           0x00000000c000862c        0x0 build/syscall.o
 .bss           0x00000000c000862c        0x0 build/syscall-init.o
 *(COMMON)
 *fill*         0x00000000c000862c       0x14 
 COMMON         0x00000000c0008640      0x424 build/interrupt.o
                0x00000000c0008640                intr_name
                0x00000000c0008860                idt_table
 COMMON         0x00000000c0008a64        0x4 build/timer.o
                0x00000000c0008a64                ticks
 *fill*         0x00000000c0008a68       0x18 
 COMMON         0x00000000c0008a80       0x6c build/memory.o
                0x00000000c0008a80                user_pool
                0x00000000c0008aac                kernel_vaddr
                0x00000000c0008ac0                kernel_pool
 COMMON         0x00000000c0008aec       0x40 build/thread.o
                0x00000000c0008aec                thread_ready_list
                0x00000000c0008afc                thread_all_list
                0x00000000c0008b0c                main_thread
                0x00000000c0008b10                pid_lock
 *fill*         0x00000000c0008b2c       0x14 
 COMMON         0x00000000c0008b40       0x6c build/keyboard.o
                0x00000000c0008b40                kbd_buf
 *fill*         0x00000000c0008bac       0x14 
 COMMON         0x00000000c0008bc0       0x80 build/syscall-init.o
                0x00000000c0008bc0                syscall_table
                0x00000000c0008c40                . = ALIGN ((. != 0x0)?0x4:0x1)
                0x00000000c0008c40                . = ALIGN (0x4)
                0x00000000c0008c40                . = SEGMENT_START ("ldata-segment", .)
                0x00000000c0008c40                . = ALIGN (0x4)
                0x00000000c0008c40                _end = .
                [!provide]                        PROVIDE (end, .)
                0x00000000c0008c40                . = DATA_SEGMENT_END (.)

.stab
 *(.stab)

.stabstr
 *(.stabstr)

.stab.excl
 *(.stab.excl)

.stab.exclstr
 *(.stab.exclstr)

.stab.index
 *(.stab.index)

.stab.indexstr
 *(.stab.indexstr)

.comment        0x0000000000000000       0x2d
 *(.comment)
 .comment       0x0000000000000000       0x2d build/main.o
                                         0x2e (size before relaxing)
 .comment       0x000000000000002d       0x2e build/init.o
 .comment       0x000000000000002d       0x2e build/interrupt.o
 .comment       0x000000000000002d       0x2e build/timer.o
 .comment       0x000000000000002d       0x2e build/debug.o
 .comment       0x000000000000002d       0x2e build/memory.o
 .comment       0x000000000000002d       0x2e build/bitmap.o
 .comment       0x000000000000002d       0x2e build/string.o
 .comment       0x000000000000002d       0x2e build/thread.o
 .comment       0x000000000000002d       0x2e build/list.o
 .comment       0x000000000000002d       0x2e build/sync.o
 .comment       0x000000000000002d       0x2e build/console.o
 .comment       0x000000000000002d       0x2e build/keyboard.o
 .comment       0x000000000000002d       0x2e build/ioqueue.o
 .comment       0x000000000000002d       0x2e build/tss.o
 .comment       0x000000000000002d       0x2e build/process.o
 .comment       0x000000000000002d       0x2e build/syscall.o
 .comment       0x000000000000002d       0x2e build/syscall-init.o

.debug
 *(.debug)

.line
 *(.line)

.debug_srcinfo
 *(.debug_srcinfo)

.debug_sfnames
 *(.debug_sfnames)

.debug_aranges
 *(.debug_aranges)

.debug_pubnames
 *(.debug_pubnames)

.debug_info
 *(.debug_info .gnu.linkonce.wi.*)

.debug_abbrev
 *(.debug_abbrev)

.debug_line
 *(.debug_line .debug_line.* .debug_line_end)

.debug_frame
 *(.debug_frame)

.debug_str
 *(.debug_str)

.debug_loc
 *(.debug_loc)

.debug_macinfo
 *(.debug_macinfo)

.debug_weaknames
 *(.debug_weaknames)

.debug_funcnames
 *(.debug_funcnames)

.debug_typenames
 *(.debug_typenames)

.debug_varnames
 *(.debug_varnames)

.debug_pubtypes
 *(.debug_pubtypes)

.debug_ranges
 *(.debug_ranges)

.debug_macro
 *(.debug_macro)

.gnu.attributes
 *(.gnu.attributes)

/DISCARD/
 *(.note.GNU-stack)
 *(.gnu_debuglink)
 *(.gnu.lto_*)
OUTPUT(build/kernel.bin elf32-i386)
